Component: ARM Compiler 5.06 update 6 (build 750) Tool: armlink [4d35ed]

==============================================================================

Section Cross References

    startup_stm32f103xb.o(STACK) refers (Special) to heapauxi.o(.text) for __use_two_region_memory
    startup_stm32f103xb.o(HEAP) refers (Special) to heapauxi.o(.text) for __use_two_region_memory
    startup_stm32f103xb.o(RESET) refers (Special) to heapauxi.o(.text) for __use_two_region_memory
    startup_stm32f103xb.o(RESET) refers to startup_stm32f103xb.o(STACK) for __initial_sp
    startup_stm32f103xb.o(RESET) refers to startup_stm32f103xb.o(.text) for Reset_Handler
    startup_stm32f103xb.o(RESET) refers to stm32f1xx_it.o(i.NMI_Handler) for NMI_Handler
    startup_stm32f103xb.o(RESET) refers to stm32f1xx_it.o(i.HardFault_Handler) for HardFault_Handler
    startup_stm32f103xb.o(RESET) refers to stm32f1xx_it.o(i.MemManage_Handler) for MemManage_Handler
    startup_stm32f103xb.o(RESET) refers to stm32f1xx_it.o(i.BusFault_Handler) for BusFault_Handler
    startup_stm32f103xb.o(RESET) refers to stm32f1xx_it.o(i.UsageFault_Handler) for UsageFault_Handler
    startup_stm32f103xb.o(RESET) refers to stm32f1xx_it.o(i.SVC_Handler) for SVC_Handler
    startup_stm32f103xb.o(RESET) refers to stm32f1xx_it.o(i.DebugMon_Handler) for DebugMon_Handler
    startup_stm32f103xb.o(RESET) refers to stm32f1xx_it.o(i.PendSV_Handler) for PendSV_Handler
    startup_stm32f103xb.o(RESET) refers to stm32f1xx_it.o(i.SysTick_Handler) for SysTick_Handler
    startup_stm32f103xb.o(RESET) refers to stm32f1xx_it.o(i.DMA1_Channel1_IRQHandler) for DMA1_Channel1_IRQHandler
    startup_stm32f103xb.o(.text) refers (Special) to heapauxi.o(.text) for __use_two_region_memory
    startup_stm32f103xb.o(.text) refers to system_stm32f1xx.o(i.SystemInit) for SystemInit
    startup_stm32f103xb.o(.text) refers to __main.o(!!!main) for __main
    startup_stm32f103xb.o(.text) refers to startup_stm32f103xb.o(HEAP) for Heap_Mem
    startup_stm32f103xb.o(.text) refers to startup_stm32f103xb.o(STACK) for Stack_Mem
    dht.o(i.DHT_Check_Response) refers to dht.o(i.delay) for delay
    dht.o(i.DHT_Check_Response) refers to stm32f1xx_hal_gpio.o(i.HAL_GPIO_ReadPin) for HAL_GPIO_ReadPin
    dht.o(i.DHT_GetData) refers to dht.o(i.DHT_Start) for DHT_Start
    dht.o(i.DHT_GetData) refers to dht.o(i.DHT_Check_Response) for DHT_Check_Response
    dht.o(i.DHT_GetData) refers to dht.o(i.DHT_Read) for DHT_Read
    dht.o(i.DHT_GetData) refers to fflt_clz.o(x$fpl$ffltu) for __aeabi_ui2f
    dht.o(i.DHT_GetData) refers to dht.o(.data) for .data
    dht.o(i.DHT_Read) refers to stm32f1xx_hal_gpio.o(i.HAL_GPIO_ReadPin) for HAL_GPIO_ReadPin
    dht.o(i.DHT_Read) refers to dht.o(i.delay) for delay
    dht.o(i.DHT_Start) refers to dht.o(i.DWT_Delay_Init) for DWT_Delay_Init
    dht.o(i.DHT_Start) refers to dht.o(i.Set_Pin_Output) for Set_Pin_Output
    dht.o(i.DHT_Start) refers to stm32f1xx_hal_gpio.o(i.HAL_GPIO_WritePin) for HAL_GPIO_WritePin
    dht.o(i.DHT_Start) refers to dht.o(i.delay) for delay
    dht.o(i.DHT_Start) refers to dht.o(i.Set_Pin_Input) for Set_Pin_Input
    dht.o(i.Set_Pin_Input) refers to stm32f1xx_hal_gpio.o(i.HAL_GPIO_Init) for HAL_GPIO_Init
    dht.o(i.Set_Pin_Output) refers to stm32f1xx_hal_gpio.o(i.HAL_GPIO_Init) for HAL_GPIO_Init
    dht.o(i.delay) refers to stm32f1xx_hal_rcc.o(i.HAL_RCC_GetHCLKFreq) for HAL_RCC_GetHCLKFreq
    main.o(i.Flash_Erase) refers to stm32f1xx_hal_flash.o(i.HAL_FLASH_Unlock) for HAL_FLASH_Unlock
    main.o(i.Flash_Erase) refers to stm32f1xx_hal_flash_ex.o(i.HAL_FLASHEx_Erase) for HAL_FLASHEx_Erase
    main.o(i.Flash_Erase) refers to stm32f1xx_hal_flash.o(i.HAL_FLASH_Lock) for HAL_FLASH_Lock
    main.o(i.Flash_Write_Int) refers to stm32f1xx_hal_flash.o(i.HAL_FLASH_Unlock) for HAL_FLASH_Unlock
    main.o(i.Flash_Write_Int) refers to stm32f1xx_hal_flash.o(i.HAL_FLASH_Program) for HAL_FLASH_Program
    main.o(i.Flash_Write_Int) refers to stm32f1xx_hal_flash.o(i.HAL_FLASH_Lock) for HAL_FLASH_Lock
    main.o(i.MX_ADC1_Init) refers to stm32f1xx_hal_adc.o(i.HAL_ADC_Init) for HAL_ADC_Init
    main.o(i.MX_ADC1_Init) refers to stm32f1xx_hal_adc.o(i.HAL_ADC_ConfigChannel) for HAL_ADC_ConfigChannel
    main.o(i.MX_ADC1_Init) refers to main.o(.bss) for .bss
    main.o(i.MX_GPIO_Init) refers to stm32f1xx_hal_gpio.o(i.HAL_GPIO_WritePin) for HAL_GPIO_WritePin
    main.o(i.MX_GPIO_Init) refers to stm32f1xx_hal_gpio.o(i.HAL_GPIO_Init) for HAL_GPIO_Init
    main.o(i.SystemClock_Config) refers to rt_memclr_w.o(.text) for __aeabi_memclr4
    main.o(i.SystemClock_Config) refers to stm32f1xx_hal_rcc.o(i.HAL_RCC_OscConfig) for HAL_RCC_OscConfig
    main.o(i.SystemClock_Config) refers to stm32f1xx_hal_rcc.o(i.HAL_RCC_ClockConfig) for HAL_RCC_ClockConfig
    main.o(i.SystemClock_Config) refers to stm32f1xx_hal_rcc_ex.o(i.HAL_RCCEx_PeriphCLKConfig) for HAL_RCCEx_PeriphCLKConfig
    main.o(i.auto_mode) refers to stm32f1xx_hal_gpio.o(i.HAL_GPIO_WritePin) for HAL_GPIO_WritePin
[...]
    ../Drivers/STM32F1xx_HAL_Driver/Src/stm32f1xx_hal.c 0x00000000   Number         0  stm32f1xx_hal.o ABSOLUTE
    ../Drivers/STM32F1xx_HAL_Driver/Src/stm32f1xx_hal_adc.c 0x00000000   Number         0  stm32f1xx_hal_adc.o ABSOLUTE
    ../Drivers/STM32F1xx_HAL_Driver/Src/stm32f1xx_hal_adc_ex.c 0x00000000   Number         0  stm32f1xx_hal_adc_ex.o ABSOLUTE
    ../Drivers/STM32F1xx_HAL_Driver/Src/stm32f1xx_hal_cortex.c 0x00000000   Number         0  stm32f1xx_hal_cortex.o ABSOLUTE
    ../Drivers/STM32F1xx_HAL_Driver/Src/stm32f1xx_hal_dma.c 0x00000000   Number         0  stm32f1xx_hal_dma.o ABSOLUTE
    ../Drivers/STM32F1xx_HAL_Driver/Src/stm32f1xx_hal_exti.c 0x00000000   Number         0  stm32f1xx_hal_exti.o ABSOLUTE
    ../Drivers/STM32F1xx_HAL_Driver/Src/stm32f1xx_hal_flash.c 0x00000000   Number         0  stm32f1xx_hal_flash.o ABSOLUTE
    ../Drivers/STM32F1xx_HAL_Driver/Src/stm32f1xx_hal_flash_ex.c 0x00000000   Number         0  stm32f1xx_hal_flash_ex.o ABSOLUTE
    ../Drivers/STM32F1xx_HAL_Driver/Src/stm32f1xx_hal_gpio.c 0x00000000   Number         0  stm32f1xx_hal_gpio.o ABSOLUTE
    ../Drivers/STM32F1xx_HAL_Driver/Src/stm32f1xx_hal_gpio_ex.c 0x00000000   Number         0  stm32f1xx_hal_gpio_ex.o ABSOLUTE
    ../Drivers/STM32F1xx_HAL_Driver/Src/stm32f1xx_hal_i2c.c 0x00000000   Number         0  stm32f1xx_hal_i2c.o ABSOLUTE
    ../Drivers/STM32F1xx_HAL_Driver/Src/stm32f1xx_hal_pwr.c 0x00000000   Number         0  stm32f1xx_hal_pwr.o ABSOLUTE
    ../Drivers/STM32F1xx_HAL_Driver/Src/stm32f1xx_hal_rcc.c 0x00000000   Number         0  stm32f1xx_hal_rcc.o ABSOLUTE
    ../Drivers/STM32F1xx_HAL_Driver/Src/stm32f1xx_hal_rcc_ex.c 0x00000000   Number         0  stm32f1xx_hal_rcc_ex.o ABSOLUTE
    ../Drivers/STM32F1xx_HAL_Driver/Src/stm32f1xx_hal_tim.c 0x00000000   Number         0  stm32f1xx_hal_tim.o ABSOLUTE
    ../Drivers/STM32F1xx_HAL_Driver/Src/stm32f1xx_hal_tim_ex.c 0x00000000   Number         0  stm32f1xx_hal_tim_ex.o ABSOLUTE
    ../clib/angel/boardlib.s                 0x00000000   Number         0  boardinit3.o ABSOLUTE
    ../clib/angel/boardlib.s                 0x00000000   Number         0  boardinit2.o ABSOLUTE
    ../clib/angel/boardlib.s                 0x00000000   Number         0  boardinit1.o ABSOLUTE
    ../clib/angel/boardlib.s                 0x00000000   Number         0  boardshut.o ABSOLUTE
    ../clib/angel/handlers.s                 0x00000000   Number         0  __scatter_copy.o ABSOLUTE
    ../clib/angel/handlers.s                 0x00000000   Number         0  __scatter_zi.o ABSOLUTE
    ../clib/angel/kernel.s                   0x00000000   Number         0  rtexit2.o ABSOLUTE
    ../clib/angel/kernel.s                   0x00000000   Number         0  __rtentry.o ABSOLUTE
    ../clib/angel/kernel.s                   0x00000000   Number         0  rtexit.o ABSOLUTE
    ../clib/angel/kernel.s                   0x00000000   Number         0  __rtentry4.o ABSOLUTE
    ../clib/angel/kernel.s                   0x00000000   Number         0  __rtentry2.o ABSOLUTE
    ../clib/angel/rt.s                       0x00000000   Number         0  rt_raise.o ABSOLUTE
    ../clib/angel/scatter.s                  0x00000000   Number         0  __scatter.o ABSOLUTE
    ../clib/angel/startup.s                  0x00000000   Number         0  __main.o ABSOLUTE
    ../clib/angel/sys.s                      0x00000000   Number         0  libspace.o ABSOLUTE
    ../clib/angel/sys.s                      0x00000000   Number         0  use_no_semi.o ABSOLUTE
    ../clib/angel/sys.s                      0x00000000   Number         0  indicate_semi.o ABSOLUTE
    ../clib/angel/sys.s                      0x00000000   Number         0  sys_stackheap_outer.o ABSOLUTE
    ../clib/angel/sysapp.c                   0x00000000   Number         0  sys_command.o ABSOLUTE
    ../clib/angel/sysapp.c                   0x00000000   Number         0  sys_wrch.o ABSOLUTE
    ../clib/angel/sysapp.c                   0x00000000   Number         0  sys_exit.o ABSOLUTE
    ../clib/armsys.c                         0x00000000   Number         0  _get_argv_nomalloc.o ABSOLUTE
    ../clib/armsys.c                         0x00000000   Number         0  argv_veneer.o ABSOLUTE
    ../clib/armsys.c                         0x00000000   Number         0  argv_veneer.o ABSOLUTE
    ../clib/armsys.c                         0x00000000   Number         0  no_argv.o ABSOLUTE
    ../clib/heapalloc.c                      0x00000000   Number         0  hrguard.o ABSOLUTE
    ../clib/heapaux.c                        0x00000000   Number         0  heapauxi.o ABSOLUTE
    ../clib/libinit.s                        0x00000000   Number         0  libinit2.o ABSOLUTE
    ../clib/libinit.s                        0x00000000   Number         0  libshutdown2.o ABSOLUTE
    ../clib/libinit.s                        0x00000000   Number         0  libinit.o ABSOLUTE
    ../clib/libinit.s                        0x00000000   Number         0  libshutdown.o ABSOLUTE
    ../clib/longlong.s                       0x00000000   Number         0  llushr.o ABSOLUTE
    ../clib/memcpset.s                       0x00000000   Number         0  rt_memclr_w.o ABSOLUTE
    ../clib/printf.c                         0x00000000   Number         0  _sputc.o ABSOLUTE
    ../clib/printf.c                         0x00000000   Number         0  __printf_flags_ss.o ABSOLUTE
    ../clib/printf.c                         0x00000000   Number         0  _printf_dec.o ABSOLUTE
    ../clib/printf.c                         0x00000000   Number         0  _printf_char_common.o ABSOLUTE
    ../clib/printf.c                         0x00000000   Number         0  __printf_flags.o ABSOLUTE
    ../clib/printf.c                         0x00000000   Number         0  __printf.o ABSOLUTE
    ../clib/printf.c                         0x00000000   Number         0  __printf_ss_wp.o ABSOLUTE
    ../clib/printf.c                         0x00000000   Number         0  noretval__2sprintf.o ABSOLUTE
    ../clib/printf.c                         0x00000000   Number         0  __printf_ss.o ABSOLUTE
    ../clib/printf.c                         0x00000000   Number         0  __2sprintf.o ABSOLUTE
    ../clib/printf.c                         0x00000000   Number         0  __printf_nopercent.o ABSOLUTE
    ../clib/printf.c                         0x00000000   Number         0  _printf_intcommon.o ABSOLUTE
    ../clib/printf.c                         0x00000000   Number         0  __printf_flags_ss_wp.o ABSOLUTE
    ../clib/printf.c                         0x00000000   Number         0  __printf_flags_wp.o ABSOLUTE
    ../clib/printf.c                         0x00000000   Number         0  __printf_wp.o ABSOLUTE
    ../clib/printf_percent.s                 0x00000000   Number         0  _printf_percent_end.o ABSOLUTE
    ../clib/printf_percent.s                 0x00000000   Number         0  _printf_percent.o ABSOLUTE
    ../clib/printf_percent.s                 0x00000000   Number         0  _printf_d.o ABSOLUTE
    ../clib/signal.c                         0x00000000   Number         0  __raise.o ABSOLUTE
    ../clib/signal.c                         0x00000000   Number         0  defsig_rtmem_inner.o ABSOLUTE
    ../clib/signal.c                         0x00000000   Number         0  defsig_rtmem_outer.o ABSOLUTE
    ../clib/signal.c                         0x00000000   Number         0  defsig_rtmem_formal.o ABSOLUTE
    ../clib/signal.c                         0x00000000   Number         0  defsig_other.o ABSOLUTE
    ../clib/signal.c                         0x00000000   Number         0  defsig_segv_inner.o ABSOLUTE
    ../clib/signal.c                         0x00000000   Number         0  defsig_cppl_inner.o ABSOLUTE
    ../clib/signal.c                         0x00000000   Number         0  defsig_pvfn_inner.o ABSOLUTE
    ../clib/signal.c                         0x00000000   Number         0  defsig_general.o ABSOLUTE
    ../clib/signal.c                         0x00000000   Number         0  defsig_rtred_inner.o ABSOLUTE
    ../clib/signal.c                         0x00000000   Number         0  defsig_fpe_inner.o ABSOLUTE
    ../clib/signal.c                         0x00000000   Number         0  defsig_exit.o ABSOLUTE
    ../clib/signal.c                         0x00000000   Number         0  defsig_abrt_inner.o ABSOLUTE
    ../clib/signal.c                         0x00000000   Number         0  defsig_stak_inner.o ABSOLUTE
    ../clib/signal.s                         0x00000000   Number         0  defsig.o ABSOLUTE
    ../clib/stdlib.c                         0x00000000   Number         0  exit.o ABSOLUTE
    ../fplib/d2f.s                           0x00000000   Number         0  d2f.o ABSOLUTE
    ../fplib/ddiv.s                          0x00000000   Number         0  ddiv.o ABSOLUTE
    ../fplib/dfixu.s                         0x00000000   Number         0  dfixu.o ABSOLUTE
    ../fplib/dflt.s                          0x00000000   Number         0  dflt_clz.o ABSOLUTE
    ../fplib/dmul.s                          0x00000000   Number         0  dmul.o ABSOLUTE
    ../fplib/dnaninf.s                       0x00000000   Number         0  dnaninf.o ABSOLUTE
    ../fplib/dretinf.s                       0x00000000   Number         0  dretinf.o ABSOLUTE
    ../fplib/f2d.s                           0x00000000   Number         0  f2d.o ABSOLUTE
    ../fplib/ffixu.s                         0x00000000   Number         0  ffixu.o ABSOLUTE
    ../fplib/fflt.s                          0x00000000   Number         0  fflt_clz.o ABSOLUTE
    ../fplib/fmul.s                          0x00000000   Number         0  fmul.o ABSOLUTE
    ../fplib/fnaninf.s                       0x00000000   Number         0  fnaninf.o ABSOLUTE
    ../fplib/fpinit.s                        0x00000000   Number         0  fpinit.o ABSOLUTE
    ../fplib/fretinf.s                       0x00000000   Number         0  fretinf.o ABSOLUTE
    ../fplib/usenofp.s                       0x00000000   Number         0  usenofp.o ABSOLUTE
    ..\Core\Src\CLCD_I2C.c                   0x00000000   Number         0  clcd_i2c.o ABSOLUTE
    ..\Core\Src\DHT.c                        0x00000000   Number         0  dht.o ABSOLUTE
    ..\Core\Src\main.c                       0x00000000   Number         0  main.o ABSOLUTE
    ..\Core\Src\stm32f1xx_hal_msp.c          0x00000000   Number         0  stm32f1xx_hal_msp.o ABSOLUTE
    ..\Core\Src\stm32f1xx_it.c               0x00000000   Number         0  stm32f1xx_it.o ABSOLUTE
    ..\Core\Src\system_stm32f1xx.c           0x00000000   Number         0  system_stm32f1xx.o ABSOLUTE
    ..\Drivers\STM32F1xx_HAL_Driver\Src\stm32f1xx_hal.c 0x00000000   Number         0  stm32f1xx_hal.o ABSOLUTE
    ..\Drivers\STM32F1xx_HAL_Driver\Src\stm32f1xx_hal_adc.c 0x00000000   Number         0  stm32f1xx_hal_adc.o ABSOLUTE
    ..\Drivers\STM32F1xx_HAL_Driver\Src\stm32f1xx_hal_adc_ex.c 0x00000000   Number         0  stm32f1xx_hal_adc_ex.o ABSOLUTE
    ..\Drivers\STM32F1xx_HAL_Driver\Src\stm32f1xx_hal_cortex.c 0x00000000   Number         0  stm32f1xx_hal_cortex.o ABSOLUTE
    ..\Drivers\STM32F1xx_HAL_Driver\Src\stm32f1xx_hal_dma.c 0x00000000   Number         0  stm32f1xx_hal_dma.o ABSOLUTE
    ..\Drivers\STM32F1xx_HAL_Driver\Src\stm32f1xx_hal_exti.c 0x00000000   Number         0  stm32f1xx_hal_exti.o ABSOLUTE
    ..\Drivers\STM32F1xx_HAL_Driver\Src\stm32f1xx_hal_flash.c 0x00000000   Number         0  stm32f1xx_hal_flash.o ABSOLUTE
    ..\Drivers\STM32F1xx_HAL_Driver\Src\stm32f1xx_hal_flash_ex.c 0x00000000   Number         0  stm32f1xx_hal_flash_ex.o ABSOLUTE
    ..\Drivers\STM32F1xx_HAL_Driver\Src\stm32f1xx_hal_gpio.c 0x00000000   Number         0  stm32f1xx_hal_gpio.o ABSOLUTE
    ..\Drivers\STM32F1xx_HAL_Driver\Src\stm32f1xx_hal_gpio_ex.c 0x00000000   Number         0  stm32f1xx_hal_gpio_ex.o ABSOLUTE
    ..\Drivers\STM32F1xx_HAL_Driver\Src\stm32f1xx_hal_i2c.c 0x00000000   Number         0  stm32f1xx_hal_i2c.o ABSOLUTE
    ..\Drivers\STM32F1xx_HAL_Driver\Src\stm32f1xx_hal_pwr.c 0x00000000   Number         0  stm32f1xx_hal_pwr.o ABSOLUTE
    ..\Drivers\STM32F1xx_HAL_Driver\Src\stm32f1xx_hal_rcc.c 0x00000000   Number         0  stm32f1xx_hal_rcc.o ABSOLUTE
    ..\Drivers\STM32F1xx_HAL_Driver\Src\stm32f1xx_hal_rcc_ex.c 0x00000000   Number         0  stm32f1xx_hal_rcc_ex.o ABSOLUTE
    ..\Drivers\STM32F1xx_HAL_Driver\Src\stm32f1xx_hal_tim.c 0x00000000   Number         0  stm32f1xx_hal_tim.o ABSOLUTE
    ..\Drivers\STM32F1xx_HAL_Driver\Src\stm32f1xx_hal_tim_ex.c 0x00000000   Number         0  stm32f1xx_hal_tim_ex.o ABSOLUTE
    ..\\Core\\Src\\CLCD_I2C.c                0x00000000   Number         0  clcd_i2c.o ABSOLUTE
    ..\\Core\\Src\\DHT.c                     0x00000000   Number         0  dht.o ABSOLUTE
    dc.s                                     0x00000000   Number         0  dc.o ABSOLUTE
    startup_stm32f103xb.s                    0x00000000   Number         0  startup_stm32f103xb.o ABSOLUTE
    RESET                                    0x08000000   Section      236  startup_stm32f103xb.o(RESET)
    !!!main                                  0x080000ec   Section        8  __main.o(!!!main)
    !!!scatter                               0x080000f4   Section       52  __scatter.o(!!!scatter)
    !!handler_copy                           0x08000128   Section       26  __scatter_copy.o(!!handler_copy)
    !!handler_zi                             0x08000144   Section       28  __scatter_zi.o(!!handler_zi)
    .ARM.Collect$$_printf_percent$$00000000  0x08000160   Section        0  _printf_percent.o(.ARM.Collect$$_printf_percent$$00000000)
    .ARM.Collect$$_printf_percent$$00000009  0x08000160   Section        6  _printf_d.o(.ARM.Collect$$_printf_percent$$00000009)
    .ARM.Collect$$_printf_percent$$00000017  0x08000166   Section        4  _printf_percent_end.o(.ARM.Collect$$_printf_percent$$00000017)
    .ARM.Collect$$libinit$$00000000          0x0800016a   Section        2  libinit.o(.ARM.Collect$$libinit$$00000000)
    .ARM.Collect$$libinit$$00000002          0x0800016c   Section        0  libinit2.o(.ARM.Collect$$libinit$$00000002)
    .ARM.Collect$$libinit$$00000004          0x0800016c   Section        0  libinit2.o(.ARM.Collect$$libinit$$00000004)
    .ARM.Collect$$libinit$$0000000A          0x0800016c   Section        0  libinit2.o(.ARM.Collect$$libinit$$0000000A)
    .ARM.Collect$$libinit$$0000000C          0x0800016c   Section        0  libinit2.o(.ARM.Collect$$libinit$$0000000C)
    .ARM.Collect$$libinit$$0000000E          0x0800016c   Section        0  libinit2.o(.ARM.Collect$$libinit$$0000000E)
    .ARM.Collect$$libinit$$00000011          0x0800016c   Section        0  libinit2.o(.ARM.Collect$$libinit$$00000011)
    .ARM.Collect$$libinit$$00000013          0x0800016c   Section        0  libinit2.o(.ARM.Collect$$libinit$$00000013)
    .ARM.Collect$$libinit$$00000015          0x0800016c   Section        0  libinit2.o(.ARM.Collect$$libinit$$00000015)
    .ARM.Collect$$libinit$$00000017          0x0800016c   Section        0  libinit2.o(.ARM.Collect$$libinit$$00000017)
    .ARM.Collect$$libinit$$00000019          0x0800016c   Section        0  libinit2.o(.ARM.Collect$$libinit$$00000019)
    .ARM.Collect$$libinit$$0000001B          0x0800016c   Section        0  libinit2.o(.ARM.Collect$$libinit$$0000001B)
    .ARM.Collect$$libinit$$0000001D          0x0800016c   Section        0  libinit2.o(.ARM.Collect$$libinit$$0000001D)
    .ARM.Collect$$libinit$$0000001F          0x0800016c   Section        0  libinit2.o(.ARM.Collect$$libinit$$0000001F)
    .ARM.Collect$$libinit$$00000021          0x0800016c   Section        0  libinit2.o(.ARM.Collect$$libinit$$00000021)
    .ARM.Collect$$libinit$$00000023          0x0800016c   Section        0  libinit2.o(.ARM.Collect$$libinit$$00000023)
    .ARM.Collect$$libinit$$00000025          0x0800016c   Section        0  libinit2.o(.ARM.Collect$$libinit$$00000025)
    .ARM.Collect$$libinit$$0000002C          0x0800016c   Section        0  libinit2.o(.ARM.Collect$$libinit$$0000002C)
    .ARM.Collect$$libinit$$0000002E          0x0800016c   Section        0  libinit2.o(.ARM.Collect$$libinit$$0000002E)
    .ARM.Collect$$libinit$$00000030          0x0800016c   Section        0  libinit2.o(.ARM.Collect$$libinit$$00000030)
    .ARM.Collect$$libinit$$00000032          0x0800016c   Section        0  libinit2.o(.ARM.Collect$$libinit$$00000032)
    .ARM.Collect$$libinit$$00000033          0x0800016c   Section        2  libinit2.o(.ARM.Collect$$libinit$$00000033)
    .ARM.Collect$$libshutdown$$00000000      0x0800016e   Section        2  libshutdown.o(.ARM.Collect$$libshutdown$$00000000)
    .ARM.Collect$$libshutdown$$00000002      0x08000170   Section        0  libshutdown2.o(.ARM.Collect$$libshutdown$$00000002)
    .ARM.Collect$$libshutdown$$00000004      0x08000170   Section        0  libshutdown2.o(.ARM.Collect$$libshutdown$$00000004)
    .ARM.Collect$$libshutdown$$00000007      0x08000170   Section        0  libshutdown2.o(.ARM.Collect$$libshutdown$$00000007)
    .ARM.Collect$$libshutdown$$0000000A      0x08000170   Section        0  libshutdown2.o(.ARM.Collect$$libshutdown$$0000000A)
    .ARM.Collect$$libshutdown$$0000000C      0x08000170   Section        0  libshutdown2.o(.ARM.Collect$$libshutdown$$0000000C)
    .ARM.Collect$$libshutdown$$0000000F      0x08000170   Section        0  libshutdown2.o(.ARM.Collect$$libshutdown$$0000000F)
    .ARM.Collect$$libshutdown$$00000010      0x08000170   Section        2  libshutdown2.o(.ARM.Collect$$libshutdown$$00000010)
    .ARM.Collect$$rtentry$$00000000          0x08000172   Section        0  __rtentry.o(.ARM.Collect$$rtentry$$00000000)
    .ARM.Collect$$rtentry$$00000002          0x08000172   Section        0  __rtentry2.o(.ARM.Collect$$rtentry$$00000002)
    .ARM.Collect$$rtentry$$00000004          0x08000172   Section        6  __rtentry4.o(.ARM.Collect$$rtentry$$00000004)
    .ARM.Collect$$rtentry$$00000009          0x08000178   Section        0  __rtentry2.o(.ARM.Collect$$rtentry$$00000009)
    .ARM.Collect$$rtentry$$0000000A          0x08000178   Section        4  __rtentry2.o(.ARM.Collect$$rtentry$$0000000A)
    .ARM.Collect$$rtentry$$0000000C          0x0800017c   Section        0  __rtentry2.o(.ARM.Collect$$rtentry$$0000000C)
    .ARM.Collect$$rtentry$$0000000D          0x0800017c   Section        8  __rtentry2.o(.ARM.Collect$$rtentry$$0000000D)
    .ARM.Collect$$rtexit$$00000000           0x08000184   Section        2  rtexit.o(.ARM.Collect$$rtexit$$00000000)
    .ARM.Collect$$rtexit$$00000002           0x08000186   Section        0  rtexit2.o(.ARM.Collect$$rtexit$$00000002)
    .ARM.Collect$$rtexit$$00000003           0x08000186   Section        4  rtexit2.o(.ARM.Collect$$rtexit$$00000003)
    .ARM.Collect$$rtexit$$00000004           0x0800018a   Section        6  rtexit2.o(.ARM.Collect$$rtexit$$00000004)
    .text                                    0x08000190   Section       64  startup_stm32f103xb.o(.text)
    .text                                    0x080001d0   Section       38  llushr.o(.text)
    .text                                    0x080001f8   Section        0  noretval__2sprintf.o(.text)
    .text                                    0x08000220   Section        0  __printf.o(.text)
    .text                                    0x08000288   Section        0  _printf_dec.o(.text)
    .text                                    0x08000300   Section       78  rt_memclr_w.o(.text)
    .text                                    0x0800034e   Section        0  heapauxi.o(.text)
    .text                                    0x08000354   Section        0  _printf_intcommon.o(.text)
    .text                                    0x08000408   Section        0  _printf_char_common.o(.text)
    _printf_input_char                       0x08000409   Thumb Code    10  _printf_char_common.o(.text)
    .text                                    0x08000438   Section        0  _sputc.o(.text)
    .text                                    0x08000442   Section       74  sys_stackheap_outer.o(.text)
    .text                                    0x0800048c   Section        0  exit.o(.text)
    .text                                    0x080004a0   Section        8  libspace.o(.text)
    .text                                    0x080004a8   Section        0  sys_exit.o(.text)
    .text                                    0x080004b4   Section        2  use_no_semi.o(.text)
    .text                                    0x080004b6   Section        0  indicate_semi.o(.text)
    i.ADC_ConversionStop_Disable             0x080004b8   Section        0  stm32f1xx_hal_adc.o(i.ADC_ConversionStop_Disable)
    i.ADC_DMAConvCplt                        0x0800050e   Section        0  stm32f1xx_hal_adc.o(i.ADC_DMAConvCplt)
    i.ADC_DMAError                           0x0800055c   Section        0  stm32f1xx_hal_adc.o(i.ADC_DMAError)
    i.ADC_DMAHalfConvCplt                    0x08000576   Section        0  stm32f1xx_hal_adc.o(i.ADC_DMAHalfConvCplt)
    i.ADC_Enable                             0x08000580   Section        0  stm32f1xx_hal_adc.o(i.ADC_Enable)
    i.BusFault_Handler                       0x080005fc   Section        0  stm32f1xx_it.o(i.BusFault_Handler)
    i.CLCD_I2C_Clear                         0x080005fe   Section        0  clcd_i2c.o(i.CLCD_I2C_Clear)
    i.CLCD_I2C_Init                          0x08000612   Section        0  clcd_i2c.o(i.CLCD_I2C_Init)
    i.CLCD_I2C_SetCursor                     0x080006b4   Section        0  clcd_i2c.o(i.CLCD_I2C_SetCursor)
    i.CLCD_I2C_WriteChar                     0x080006f8   Section        0  clcd_i2c.o(i.CLCD_I2C_WriteChar)
    i.CLCD_I2C_WriteString                   0x080006fe   Section        0  clcd_i2c.o(i.CLCD_I2C_WriteString)
    i.CLCD_WriteI2C                          0x08000716   Section        0  clcd_i2c.o(i.CLCD_WriteI2C)
    CLCD_WriteI2C                            0x08000717   Thumb Code   106  clcd_i2c.o(i.CLCD_WriteI2C)
    i.DHT_Check_Response                     0x08000780   Section        0  dht.o(i.DHT_Check_Response)
    i.DHT_GetData                            0x080007c0   Section        0  dht.o(i.DHT_GetData)
    i.DHT_Read                               0x08000818   Section        0  dht.o(i.DHT_Read)
    i.DHT_Start                              0x08000874   Section        0  dht.o(i.DHT_Start)
    i.DMA1_Channel1_IRQHandler               0x080008b8   Section        0  stm32f1xx_it.o(i.DMA1_Channel1_IRQHandler)
    i.DMA_SetConfig                          0x080008c4   Section        0  stm32f1xx_hal_dma.o(i.DMA_SetConfig)
    DMA_SetConfig                            0x080008c5   Thumb Code    42  stm32f1xx_hal_dma.o(i.DMA_SetConfig)
    i.DWT_Delay_Init                         0x080008f0   Section        0  dht.o(i.DWT_Delay_Init)
    i.DebugMon_Handler                       0x08000934   Section        0  stm32f1xx_it.o(i.DebugMon_Handler)
    i.Error_Handler                          0x08000936   Section        0  main.o(i.Error_Handler)
    i.FLASH_MassErase                        0x0800093c   Section        0  stm32f1xx_hal_flash_ex.o(i.FLASH_MassErase)
    FLASH_MassErase                          0x0800093d   Thumb Code    26  stm32f1xx_hal_flash_ex.o(i.FLASH_MassErase)
    i.FLASH_PageErase                        0x08000960   Section        0  stm32f1xx_hal_flash_ex.o(i.FLASH_PageErase)
    i.FLASH_Program_HalfWord                 0x08000984   Section        0  stm32f1xx_hal_flash.o(i.FLASH_Program_HalfWord)
    FLASH_Program_HalfWord                   0x08000985   Thumb Code    20  stm32f1xx_hal_flash.o(i.FLASH_Program_HalfWord)
    i.FLASH_SetErrorCode                     0x080009a0   Section        0  stm32f1xx_hal_flash.o(i.FLASH_SetErrorCode)
    FLASH_SetErrorCode                       0x080009a1   Thumb Code    84  stm32f1xx_hal_flash.o(i.FLASH_SetErrorCode)
    i.FLASH_WaitForLastOperation             0x080009fc   Section        0  stm32f1xx_hal_flash.o(i.FLASH_WaitForLastOperation)
    i.Flash_Erase                            0x08000a50   Section        0  main.o(i.Flash_Erase)
    i.HAL_ADC_ConfigChannel                  0x08000a78   Section        0  stm32f1xx_hal_adc.o(i.HAL_ADC_ConfigChannel)
    i.HAL_ADC_ConvCpltCallback               0x08000b74   Section        0  stm32f1xx_hal_adc.o(i.HAL_ADC_ConvCpltCallback)
    i.HAL_ADC_ConvHalfCpltCallback           0x08000b76   Section        0  stm32f1xx_hal_adc.o(i.HAL_ADC_ConvHalfCpltCallback)
    i.HAL_ADC_ErrorCallback                  0x08000b78   Section        0  stm32f1xx_hal_adc.o(i.HAL_ADC_ErrorCallback)
    i.HAL_ADC_Init                           0x08000b7c   Section        0  stm32f1xx_hal_adc.o(i.HAL_ADC_Init)
    i.HAL_ADC_MspInit                        0x08000c98   Section        0  stm32f1xx_hal_msp.o(i.HAL_ADC_MspInit)
    i.HAL_ADC_Start_DMA                      0x08000d28   Section        0  stm32f1xx_hal_adc.o(i.HAL_ADC_Start_DMA)
    i.HAL_DMA_IRQHandler                     0x08000e34   Section        0  stm32f1xx_hal_dma.o(i.HAL_DMA_IRQHandler)
    i.HAL_DMA_Init                           0x08000f88   Section        0  stm32f1xx_hal_dma.o(i.HAL_DMA_Init)
    i.HAL_DMA_Start_IT                       0x08000fe4   Section        0  stm32f1xx_hal_dma.o(i.HAL_DMA_Start_IT)
    i.HAL_Delay                              0x08001054   Section        0  stm32f1xx_hal.o(i.HAL_Delay)
    i.HAL_FLASHEx_Erase                      0x08001078   Section        0  stm32f1xx_hal_flash_ex.o(i.HAL_FLASHEx_Erase)
    i.HAL_FLASH_Lock                         0x08001120   Section        0  stm32f1xx_hal_flash.o(i.HAL_FLASH_Lock)
    i.HAL_FLASH_Program                      0x08001134   Section        0  stm32f1xx_hal_flash.o(i.HAL_FLASH_Program)
    i.HAL_FLASH_Unlock                       0x080011b4   Section        0  stm32f1xx_hal_flash.o(i.HAL_FLASH_Unlock)
    i.HAL_GPIO_Init                          0x080011dc   Section        0  stm32f1xx_hal_gpio.o(i.HAL_GPIO_Init)
    i.HAL_GPIO_ReadPin                       0x080013bc   Section        0  stm32f1xx_hal_gpio.o(i.HAL_GPIO_ReadPin)
    i.HAL_GPIO_WritePin                      0x080013c6   Section        0  stm32f1xx_hal_gpio.o(i.HAL_GPIO_WritePin)
    i.HAL_GetTick                            0x080013d0   Section        0  stm32f1xx_hal.o(i.HAL_GetTick)
    i.HAL_I2C_Init                           0x080013dc   Section        0  stm32f1xx_hal_i2c.o(i.HAL_I2C_Init)
    i.HAL_I2C_Master_Transmit                0x08001564   Section        0  stm32f1xx_hal_i2c.o(i.HAL_I2C_Master_Transmit)
    i.HAL_I2C_MspInit                        0x08001690   Section        0  stm32f1xx_hal_msp.o(i.HAL_I2C_MspInit)
    i.HAL_IncTick                            0x080016ec   Section        0  stm32f1xx_hal.o(i.HAL_IncTick)
    i.HAL_Init                               0x080016fc   Section        0  stm32f1xx_hal.o(i.HAL_Init)
    i.HAL_InitTick                           0x08001720   Section        0  stm32f1xx_hal.o(i.HAL_InitTick)
    i.HAL_MspInit                            0x08001760   Section        0  stm32f1xx_hal_msp.o(i.HAL_MspInit)
    i.HAL_NVIC_EnableIRQ                     0x0800179c   Section        0  stm32f1xx_hal_cortex.o(i.HAL_NVIC_EnableIRQ)
    i.HAL_NVIC_SetPriority                   0x080017b8   Section        0  stm32f1xx_hal_cortex.o(i.HAL_NVIC_SetPriority)
    i.HAL_NVIC_SetPriorityGrouping           0x080017f8   Section        0  stm32f1xx_hal_cortex.o(i.HAL_NVIC_SetPriorityGrouping)
    i.HAL_RCCEx_PeriphCLKConfig              0x0800181c   Section        0  stm32f1xx_hal_rcc_ex.o(i.HAL_RCCEx_PeriphCLKConfig)
    i.HAL_RCC_ClockConfig                    0x08001908   Section        0  stm32f1xx_hal_rcc.o(i.HAL_RCC_ClockConfig)
    i.HAL_RCC_GetHCLKFreq                    0x08001a34   Section        0  stm32f1xx_hal_rcc.o(i.HAL_RCC_GetHCLKFreq)
    i.HAL_RCC_GetPCLK1Freq                   0x08001a40   Section        0  stm32f1xx_hal_rcc.o(i.HAL_RCC_GetPCLK1Freq)
    i.HAL_RCC_GetSysClockFreq                0x08001a60   Section        0  stm32f1xx_hal_rcc.o(i.HAL_RCC_GetSysClockFreq)
    i.HAL_RCC_OscConfig                      0x08001aac   Section        0  stm32f1xx_hal_rcc.o(i.HAL_RCC_OscConfig)
    i.HAL_SYSTICK_Config                     0x08001dcc   Section        0  stm32f1xx_hal_cortex.o(i.HAL_SYSTICK_Config)
    i.HardFault_Handler                      0x08001df4   Section        0  stm32f1xx_it.o(i.HardFault_Handler)
    i.I2C_IsAcknowledgeFailed                0x08001df6   Section        0  stm32f1xx_hal_i2c.o(i.I2C_IsAcknowledgeFailed)
    I2C_IsAcknowledgeFailed                  0x08001df7   Thumb Code    46  stm32f1xx_hal_i2c.o(i.I2C_IsAcknowledgeFailed)
    i.I2C_MasterRequestWrite                 0x08001e24   Section        0  stm32f1xx_hal_i2c.o(i.I2C_MasterRequestWrite)
    I2C_MasterRequestWrite                   0x08001e25   Thumb Code   150  stm32f1xx_hal_i2c.o(i.I2C_MasterRequestWrite)
    i.I2C_WaitOnBTFFlagUntilTimeout          0x08001ec0   Section        0  stm32f1xx_hal_i2c.o(i.I2C_WaitOnBTFFlagUntilTimeout)
    I2C_WaitOnBTFFlagUntilTimeout            0x08001ec1   Thumb Code    86  stm32f1xx_hal_i2c.o(i.I2C_WaitOnBTFFlagUntilTimeout)
    i.I2C_WaitOnFlagUntilTimeout             0x08001f18   Section        0  stm32f1xx_hal_i2c.o(i.I2C_WaitOnFlagUntilTimeout)
    I2C_WaitOnFlagUntilTimeout               0x08001f19   Thumb Code   144  stm32f1xx_hal_i2c.o(i.I2C_WaitOnFlagUntilTimeout)
    i.I2C_WaitOnMasterAddressFlagUntilTimeout 0x08001fa8   Section        0  stm32f1xx_hal_i2c.o(i.I2C_WaitOnMasterAddressFlagUntilTimeout)
    I2C_WaitOnMasterAddressFlagUntilTimeout  0x08001fa9   Thumb Code   188  stm32f1xx_hal_i2c.o(i.I2C_WaitOnMasterAddressFlagUntilTimeout)
    i.I2C_WaitOnTXEFlagUntilTimeout          0x08002064   Section        0  stm32f1xx_hal_i2c.o(i.I2C_WaitOnTXEFlagUntilTimeout)
    I2C_WaitOnTXEFlagUntilTimeout            0x08002065   Thumb Code    86  stm32f1xx_hal_i2c.o(i.I2C_WaitOnTXEFlagUntilTimeout)
    i.MX_ADC1_Init                           0x080020bc   Section        0  main.o(i.MX_ADC1_Init)
    MX_ADC1_Init                             0x080020bd   Thumb Code    70  main.o(i.MX_ADC1_Init)
    i.MX_GPIO_Init                           0x0800210c   Section        0  main.o(i.MX_GPIO_Init)
    MX_GPIO_Init                             0x0800210d   Thumb Code   154  main.o(i.MX_GPIO_Init)
    i.MemManage_Handler                      0x080021b4   Section        0  stm32f1xx_it.o(i.MemManage_Handler)
    i.NMI_Handler                            0x080021b6   Section        0  stm32f1xx_it.o(i.NMI_Handler)
    i.PendSV_Handler                         0x080021b8   Section        0  stm32f1xx_it.o(i.PendSV_Handler)
    i.SVC_Handler                            0x080021ba   Section        0  stm32f1xx_it.o(i.SVC_Handler)
    i.Set_Pin_Input                          0x080021bc   Section        0  dht.o(i.Set_Pin_Input)
    i.Set_Pin_Output                         0x080021d0   Section        0  dht.o(i.Set_Pin_Output)
    i.SysTick_Handler                        0x080021e8   Section        0  stm32f1xx_it.o(i.SysTick_Handler)
    i.SystemClock_Config                     0x080021ec   Section        0  main.o(i.SystemClock_Config)
    i.SystemInit                             0x08002264   Section        0  system_stm32f1xx.o(i.SystemInit)
    i.UsageFault_Handler                     0x08002266   Section        0  stm32f1xx_it.o(i.UsageFault_Handler)
    i.__NVIC_SetPriority                     0x08002268   Section        0  stm32f1xx_hal_cortex.o(i.__NVIC_SetPriority)
    __NVIC_SetPriority                       0x08002269   Thumb Code    32  stm32f1xx_hal_cortex.o(i.__NVIC_SetPriority)
    i.auto_mode                              0x08002288   Section        0  main.o(i.auto_mode)
    i.delay                                  0x080022ac   Section        0  dht.o(i.delay)
    i.main                                   0x080022d8   Section        0  main.o(i.main)
    i.page0                                  0x08002400   Section        0  main.o(i.page0)
    i.page1                                  0x08002554   Section        0  main.o(i.page1)
    i.page2                                  0x0800269c   Section        0  main.o(i.page2)
    i.pump                                   0x08002814   Section        0  main.o(i.pump)
    i.read_dht                               0x08002888   Section        0  main.o(i.read_dht)
    x$fpl$d2f                                0x0800291c   Section       98  d2f.o(x$fpl$d2f)
    x$fpl$ddiv                               0x08002980   Section      688  ddiv.o(x$fpl$ddiv)
    ddiv_entry                               0x08002987   Thumb Code     0  ddiv.o(x$fpl$ddiv)
    x$fpl$dfixu                              0x08002c30   Section       90  dfixu.o(x$fpl$dfixu)
    x$fpl$dfltu                              0x08002c8a   Section       38  dflt_clz.o(x$fpl$dfltu)
    x$fpl$dmul                               0x08002cb0   Section      340  dmul.o(x$fpl$dmul)
    x$fpl$dnaninf                            0x08002e04   Section      156  dnaninf.o(x$fpl$dnaninf)
    x$fpl$dretinf                            0x08002ea0   Section       12  dretinf.o(x$fpl$dretinf)
    x$fpl$f2d                                0x08002eac   Section       86  f2d.o(x$fpl$f2d)
    x$fpl$ffixu                              0x08002f04   Section       62  ffixu.o(x$fpl$ffixu)
    x$fpl$ffltu                              0x08002f44   Section       38  fflt_clz.o(x$fpl$ffltu)
    x$fpl$fmul                               0x08002f6c   Section      258  fmul.o(x$fpl$fmul)
    x$fpl$fnaninf                            0x0800306e   Section      140  fnaninf.o(x$fpl$fnaninf)
    x$fpl$fretinf                            0x080030fa   Section       10  fretinf.o(x$fpl$fretinf)
    .constdata                               0x08003104   Section       18  stm32f1xx_hal_rcc.o(.constdata)
    x$fpl$usenofp                            0x08003104   Section        0  usenofp.o(x$fpl$usenofp)
    aPredivFactorTable                       0x08003104   Data           2  stm32f1xx_hal_rcc.o(.constdata)
    aPLLMULFactorTable                       0x08003106   Data          16  stm32f1xx_hal_rcc.o(.constdata)
    .constdata                               0x08003116   Section       16  system_stm32f1xx.o(.constdata)
    .constdata                               0x08003126   Section        8  system_stm32f1xx.o(.constdata)
    .data                                    0x20000000   Section        8  dht.o(.data)
    .data                                    0x20000008   Section       28  main.o(.data)
    .data                                    0x20000024   Section       12  stm32f1xx_hal.o(.data)
    .data                                    0x20000030   Section        4  system_stm32f1xx.o(.data)
    .bss                                     0x20000034   Section      172  main.o(.bss)
    .bss                                     0x200000e0   Section       68  main.o(.bss)
    .bss                                     0x20000128   Section       32  stm32f1xx_hal_flash.o(.bss)
    .bss                                     0x20000148   Section       96  libspace.o(.bss)
    HEAP                                     0x200001a8   Section      512  startup_stm32f103xb.o(HEAP)
    Heap_Mem                                 0x200001a8   Data         512  startup_stm32f103xb.o(HEAP)
    STACK                                    0x200003a8   Section     1024  startup_stm32f103xb.o(STACK)
    Stack_Mem                                0x200003a8   Data        1024  startup_stm32f103xb.o(STACK)
    __initial_sp                             0x200007a8   Data           0  startup_stm32f103xb.o(STACK)

    Global Symbols

    Symbol Name                              Value     Ov Type        Size  Object(Section)

    BuildAttributes$$THM_ISAv4$P$D$K$B$S$PE$A:L22UL41UL21$X:L11$S22US41US21$IEEE1$IW$USESV6$~STKCKD$USESV7$~SHL$OSPACE$ROPI$EBA8$UX$STANDARDLIB$REQ8$PRES8$EABIv2 0x00000000   Number         0  anon$$obj.o ABSOLUTE
    __ARM_use_no_argv                        0x00000000   Number         0  main.o ABSOLUTE
    __ARM_exceptions_init                     - Undefined Weak Reference
    __alloca_initialize                       - Undefined Weak Reference
    __arm_preinit_                            - Undefined Weak Reference
    __cpp_initialize__aeabi_                  - Undefined Weak Reference
    __cxa_finalize                            - Undefined Weak Reference
    __rt_locale                               - Undefined Weak Reference
    __sigvec_lookup                           - Undefined Weak Reference
    _atexit_init                              - Undefined Weak Reference
    _call_atexit_fns                          - Undefined Weak Reference
    _clock_init                               - Undefined Weak Reference
    _fp_trap_init                             - Undefined Weak Reference
    _fp_trap_shutdown                         - Undefined Weak Reference
    _get_lc_collate                           - Undefined Weak Reference
    _get_lc_ctype                             - Undefined Weak Reference
    _get_lc_monetary                          - Undefined Weak Reference
    _get_lc_numeric                           - Undefined Weak Reference
    _get_lc_time                              - Undefined Weak Reference
    _getenv_init                              - Undefined Weak Reference
    _handle_redirection                       - Undefined Weak Reference
    _init_alloc                               - Undefined Weak Reference
    _init_user_alloc                          - Undefined Weak Reference
    _initio                                   - Undefined Weak Reference
    _printf_post_padding                      - Undefined Weak Reference
    _printf_pre_padding                       - Undefined Weak Reference
    _printf_truncate_signed                   - Undefined Weak Reference
    _printf_truncate_unsigned                 - Undefined Weak Reference
    _rand_init                                - Undefined Weak Reference
    _signal_finish                            - Undefined Weak Reference
    _signal_init                              - Undefined Weak Reference
    _terminate_alloc                          - Undefined Weak Reference
    _terminate_user_alloc                     - Undefined Weak Reference
    _terminateio                              - Undefined Weak Reference
    __Vectors_Size                           0x000000ec   Number         0  startup_stm32f103xb.o ABSOLUTE
    __Vectors                                0x08000000   Data           4  startup_stm32f103xb.o(RESET)
    __Vectors_End                            0x080000ec   Data           0  startup_stm32f103xb.o(RESET)
    __main                                   0x080000ed   Thumb Code     8  __main.o(!!!main)
    __scatterload                            0x080000f5   Thumb Code     0  __scatter.o(!!!scatter)
    __scatterload_rt2                        0x080000f5   Thumb Code    44  __scatter.o(!!!scatter)
    __scatterload_rt2_thumb_only             0x080000f5   Thumb Code     0  __scatter.o(!!!scatter)
    __scatterload_null                       0x08000103   Thumb Code     0  __scatter.o(!!!scatter)
    __scatterload_copy                       0x08000129   Thumb Code    26  __scatter_copy.o(!!handler_copy)
    __scatterload_zeroinit                   0x08000145   Thumb Code    28  __scatter_zi.o(!!handler_zi)
    _printf_d                                0x08000161   Thumb Code     0  _printf_d.o(.ARM.Collect$$_printf_percent$$00000009)
    _printf_percent                          0x08000161   Thumb Code     0  _printf_percent.o(.ARM.Collect$$_printf_percent$$00000000)
    _printf_percent_end                      0x08000167   Thumb Code     0  _printf_percent_end.o(.ARM.Collect$$_printf_percent$$00000017)
    __rt_lib_init                            0x0800016b   Thumb Code     0  libinit.o(.ARM.Collect$$libinit$$00000000)
    __rt_lib_init_alloca_1                   0x0800016d   Thumb Code     0  libinit2.o(.ARM.Collect$$libinit$$0000002E)
    __rt_lib_init_argv_1                     0x0800016d   Thumb Code     0  libinit2.o(.ARM.Collect$$libinit$$0000002C)
    __rt_lib_init_atexit_1                   0x0800016d   Thumb Code     0  libinit2.o(.ARM.Collect$$libinit$$0000001B)
    __rt_lib_init_clock_1                    0x0800016d   Thumb Code     0  libinit2.o(.ARM.Collect$$libinit$$00000021)
    __rt_lib_init_cpp_1                      0x0800016d   Thumb Code     0  libinit2.o(.ARM.Collect$$libinit$$00000032)
    __rt_lib_init_exceptions_1               0x0800016d   Thumb Code     0  libinit2.o(.ARM.Collect$$libinit$$00000030)
    __rt_lib_init_fp_1                       0x0800016d   Thumb Code     0  libinit2.o(.ARM.Collect$$libinit$$00000002)
    __rt_lib_init_fp_trap_1                  0x0800016d   Thumb Code     0  libinit2.o(.ARM.Collect$$libinit$$0000001F)
    __rt_lib_init_getenv_1                   0x0800016d   Thumb Code     0  libinit2.o(.ARM.Collect$$libinit$$00000023)
    __rt_lib_init_heap_1                     0x0800016d   Thumb Code     0  libinit2.o(.ARM.Collect$$libinit$$0000000A)
    __rt_lib_init_lc_collate_1               0x0800016d   Thumb Code     0  libinit2.o(.ARM.Collect$$libinit$$00000011)
    __rt_lib_init_lc_ctype_1                 0x0800016d   Thumb Code     0  libinit2.o(.ARM.Collect$$libinit$$00000013)
    __rt_lib_init_lc_monetary_1              0x0800016d   Thumb Code     0  libinit2.o(.ARM.Collect$$libinit$$00000015)
    __rt_lib_init_lc_numeric_1               0x0800016d   Thumb Code     0  libinit2.o(.ARM.Collect$$libinit$$00000017)
    __rt_lib_init_lc_time_1                  0x0800016d   Thumb Code     0  libinit2.o(.ARM.Collect$$libinit$$00000019)
    __rt_lib_init_preinit_1                  0x0800016d   Thumb Code     0  libinit2.o(.ARM.Collect$$libinit$$00000004)
    __rt_lib_init_rand_1                     0x0800016d   Thumb Code     0  libinit2.o(.ARM.Collect$$libinit$$0000000E)
    __rt_lib_init_return                     0x0800016d   Thumb Code     0  libinit2.o(.ARM.Collect$$libinit$$00000033)
    __rt_lib_init_signal_1                   0x0800016d   Thumb Code     0  libinit2.o(.ARM.Collect$$libinit$$0000001D)
    __rt_lib_init_stdio_1                    0x0800016d   Thumb Code     0  libinit2.o(.ARM.Collect$$libinit$$00000025)
    __rt_lib_init_user_alloc_1               0x0800016d   Thumb Code     0  libinit2.o(.ARM.Collect$$libinit$$0000000C)
    __rt_lib_shutdown                        0x0800016f   Thumb Code     0  libshutdown.o(.ARM.Collect$$libshutdown$$00000000)
    __rt_lib_shutdown_cpp_1                  0x08000171   Thumb Code     0  libshutdown2.o(.ARM.Collect$$libshutdown$$00000002)
    __rt_lib_shutdown_fp_trap_1              0x08000171   Thumb Code     0  libshutdown2.o(.ARM.Collect$$libshutdown$$00000007)
    __rt_lib_shutdown_heap_1                 0x08000171   Thumb Code     0  libshutdown2.o(.ARM.Collect$$libshutdown$$0000000F)
    __rt_lib_shutdown_return                 0x08000171   Thumb Code     0  libshutdown2.o(.ARM.Collect$$libshutdown$$00000010)
    __rt_lib_shutdown_signal_1               0x08000171   Thumb Code     0  libshutdown2.o(.ARM.Collect$$libshutdown$$0000000A)
    __rt_lib_shutdown_stdio_1                0x08000171   Thumb Code     0  libshutdown2.o(.ARM.Collect$$libshutdown$$00000004)
    __rt_lib_shutdown_user_alloc_1           0x08000171   Thumb Code     0  libshutdown2.o(.ARM.Collect$$libshutdown$$0000000C)
    __rt_entry                               0x08000173   Thumb Code     0  __rtentry.o(.ARM.Collect$$rtentry$$00000000)
    __rt_entry_presh_1                       0x08000173   Thumb Code     0  __rtentry2.o(.ARM.Collect$$rtentry$$00000002)
    __rt_entry_sh                            0x08000173   Thumb Code     0  __rtentry4.o(.ARM.Collect$$rtentry$$00000004)
    __rt_entry_li                            0x08000179   Thumb Code     0  __rtentry2.o(.ARM.Collect$$rtentry$$0000000A)
    __rt_entry_postsh_1                      0x08000179   Thumb Code     0  __rtentry2.o(.ARM.Collect$$rtentry$$00000009)
    __rt_entry_main                          0x0800017d   Thumb Code     0  __rtentry2.o(.ARM.Collect$$rtentry$$0000000D)
    __rt_entry_postli_1                      0x0800017d   Thumb Code     0  __rtentry2.o(.ARM.Collect$$rtentry$$0000000C)
    __rt_exit                                0x08000185   Thumb Code     0  rtexit.o(.ARM.Collect$$rtexit$$00000000)
    __rt_exit_ls                             0x08000187   Thumb Code     0  rtexit2.o(.ARM.Collect$$rtexit$$00000003)
    __rt_exit_prels_1                        0x08000187   Thumb Code     0  rtexit2.o(.ARM.Collect$$rtexit$$00000002)
    __rt_exit_exit                           0x0800018b   Thumb Code     0  rtexit2.o(.ARM.Collect$$rtexit$$00000004)
    Reset_Handler                            0x08000191   Thumb Code     8  startup_stm32f103xb.o(.text)
    ADC1_2_IRQHandler                        0x080001ab   Thumb Code     0  startup_stm32f103xb.o(.text)
    CAN1_RX1_IRQHandler                      0x080001ab   Thumb Code     0  startup_stm32f103xb.o(.text)
    CAN1_SCE_IRQHandler                      0x080001ab   Thumb Code     0  startup_stm32f103xb.o(.text)
    DMA1_Channel2_IRQHandler                 0x080001ab   Thumb Code     0  startup_stm32f103xb.o(.text)
    DMA1_Channel3_IRQHandler                 0x080001ab   Thumb Code     0  startup_stm32f103xb.o(.text)
    DMA1_Channel4_IRQHandler                 0x080001ab   Thumb Code     0  startup_stm32f103xb.o(.text)
    DMA1_Channel5_IRQHandler                 0x080001ab   Thumb Code     0  startup_stm32f103xb.o(.text)
    DMA1_Channel6_IRQHandler                 0x080001ab   Thumb Code     0  startup_stm32f103xb.o(.text)
    DMA1_Channel7_IRQHandler                 0x080001ab   Thumb Code     0  startup_stm32f103xb.o(.text)
    EXTI0_IRQHandler                         0x080001ab   Thumb Code     0  startup_stm32f103xb.o(.text)
    EXTI15_10_IRQHandler                     0x080001ab   Thumb Code     0  startup_stm32f103xb.o(.text)
    EXTI1_IRQHandler                         0x080001ab   Thumb Code     0  startup_stm32f103xb.o(.text)
    EXTI2_IRQHandler                         0x080001ab   Thumb Code     0  startup_stm32f103xb.o(.text)
    EXTI3_IRQHandler                         0x080001ab   Thumb Code     0  startup_stm32f103xb.o(.text)
    EXTI4_IRQHandler                         0x080001ab   Thumb Code     0  startup_stm32f103xb.o(.text)
    EXTI9_5_IRQHandler                       0x080001ab   Thumb Code     0  startup_stm32f103xb.o(.text)
    FLASH_IRQHandler                         0x080001ab   Thumb Code     0  startup_stm32f103xb.o(.text)
    I2C1_ER_IRQHandler                       0x080001ab   Thumb Code     0  startup_stm32f103xb.o(.text)
    I2C1_EV_IRQHandler                       0x080001ab   Thumb Code     0  startup_stm32f103xb.o(.text)
    I2C2_ER_IRQHandler                       0x080001ab   Thumb Code     0  startup_stm32f103xb.o(.text)
    I2C2_EV_IRQHandler                       0x080001ab   Thumb Code     0  startup_stm32f103xb.o(.text)
    PVD_IRQHandler                           0x080001ab   Thumb Code     0  startup_stm32f103xb.o(.text)
    RCC_IRQHandler                           0x080001ab   Thumb Code     0  startup_stm32f103xb.o(.text)
    RTC_Alarm_IRQHandler                     0x080001ab   Thumb Code     0  startup_stm32f103xb.o(.text)
    RTC_IRQHandler                           0x080001ab   Thumb Code     0  startup_stm32f103xb.o(.text)
    SPI1_IRQHandler                          0x080001ab   Thumb Code     0  startup_stm32f103xb.o(.text)
    SPI2_IRQHandler                          0x080001ab   Thumb Code     0  startup_stm32f103xb.o(.text)
    TAMPER_IRQHandler                        0x080001ab   Thumb Code     0  startup_stm32f103xb.o(.text)
    TIM1_BRK_IRQHandler                      0x080001ab   Thumb Code     0  startup_stm32f103xb.o(.text)
    TIM1_CC_IRQHandler                       0x080001ab   Thumb Code     0  startup_stm32f103xb.o(.text)
    TIM1_TRG_COM_IRQHandler                  0x080001ab   Thumb Code     0  startup_stm32f103xb.o(.text)
    TIM1_UP_IRQHandler                       0x080001ab   Thumb Code     0  startup_stm32f103xb.o(.text)
    TIM2_IRQHandler                          0x080001ab   Thumb Code     0  startup_stm32f103xb.o(.text)
    TIM3_IRQHandler                          0x080001ab   Thumb Code     0  startup_stm32f103xb.o(.text)
    TIM4_IRQHandler                          0x080001ab   Thumb Code     0  startup_stm32f103xb.o(.text)
    USART1_IRQHandler                        0x080001ab   Thumb Code     0  startup_stm32f103xb.o(.text)
    USART2_IRQHandler                        0x080001ab   Thumb Code     0  startup_stm32f103xb.o(.text)
    USART3_IRQHandler                        0x080001ab   Thumb Code     0  startup_stm32f103xb.o(.text)
    USBWakeUp_IRQHandler                     0x080001ab   Thumb Code     0  startup_stm32f103xb.o(.text)
    USB_HP_CAN1_TX_IRQHandler                0x080001ab   Thumb Code     0  startup_stm32f103xb.o(.text)
    USB_LP_CAN1_RX0_IRQHandler               0x080001ab   Thumb Code     0  startup_stm32f103xb.o(.text)
    WWDG_IRQHandler                          0x080001ab   Thumb Code     0  startup_stm32f103xb.o(.text)
    __user_initial_stackheap                 0x080001ad   Thumb Code     0  startup_stm32f103xb.o(.text)
    __aeabi_llsr                             0x080001d1   Thumb Code     0  llushr.o(.text)
    _ll_ushift_r                             0x080001d1   Thumb Code    38  llushr.o(.text)
    __2sprintf                               0x080001f9   Thumb Code    34  noretval__2sprintf.o(.text)
    __printf                                 0x08000221   Thumb Code   104  __printf.o(.text)
    _printf_int_dec                          0x08000289   Thumb Code   104  _printf_dec.o(.text)
    __aeabi_memclr4                          0x08000301   Thumb Code     0  rt_memclr_w.o(.text)
    __aeabi_memclr8                          0x08000301   Thumb Code     0  rt_memclr_w.o(.text)
    __rt_memclr_w                            0x08000301   Thumb Code    78  rt_memclr_w.o(.text)
    _memset_w                                0x08000305   Thumb Code     0  rt_memclr_w.o(.text)
    __use_two_region_memory                  0x0800034f   Thumb Code     2  heapauxi.o(.text)
    __rt_heap_escrow$2region                 0x08000351   Thumb Code     2  heapauxi.o(.text)
    __rt_heap_expand$2region                 0x08000353   Thumb Code     2  heapauxi.o(.text)
    _printf_int_common                       0x08000355   Thumb Code   178  _printf_intcommon.o(.text)
    _printf_char_common                      0x08000413   Thumb Code    32  _printf_char_common.o(.text)
    _sputc                                   0x08000439   Thumb Code    10  _sputc.o(.text)
    __user_setup_stackheap                   0x08000443   Thumb Code    74  sys_stackheap_outer.o(.text)
    exit                                     0x0800048d   Thumb Code    18  exit.o(.text)
    __user_libspace                          0x080004a1   Thumb Code     8  libspace.o(.text)
    __user_perproc_libspace                  0x080004a1   Thumb Code     0  libspace.o(.text)
    __user_perthread_libspace                0x080004a1   Thumb Code     0  libspace.o(.text)
    _sys_exit                                0x080004a9   Thumb Code     8  sys_exit.o(.text)
    __I$use$semihosting                      0x080004b5   Thumb Code     0  use_no_semi.o(.text)
    __use_no_semihosting_swi                 0x080004b5   Thumb Code     2  use_no_semi.o(.text)
    __semihosting_library_function           0x080004b7   Thumb Code     0  indicate_semi.o(.text)
    ADC_ConversionStop_Disable               0x080004b9   Thumb Code    86  stm32f1xx_hal_adc.o(i.ADC_ConversionStop_Disable)
    ADC_DMAConvCplt                          0x0800050f   Thumb Code    78  stm32f1xx_hal_adc.o(i.ADC_DMAConvCplt)
    ADC_DMAError                             0x0800055d   Thumb Code    26  stm32f1xx_hal_adc.o(i.ADC_DMAError)
    ADC_DMAHalfConvCplt                      0x08000577   Thumb Code    10  stm32f1xx_hal_adc.o(i.ADC_DMAHalfConvCplt)
    ADC_Enable                               0x08000581   Thumb Code   114  stm32f1xx_hal_adc.o(i.ADC_Enable)
    BusFault_Handler                         0x080005fd   Thumb Code     2  stm32f1xx_it.o(i.BusFault_Handler)
    CLCD_I2C_Clear                           0x080005ff   Thumb Code    20  clcd_i2c.o(i.CLCD_I2C_Clear)
    CLCD_I2C_Init                            0x08000613   Thumb Code   162  clcd_i2c.o(i.CLCD_I2C_Init)
    CLCD_I2C_SetCursor                       0x080006b5   Thumb Code    68  clcd_i2c.o(i.CLCD_I2C_SetCursor)
    CLCD_I2C_WriteChar                       0x080006f9   Thumb Code     6  clcd_i2c.o(i.CLCD_I2C_WriteChar)
    CLCD_I2C_WriteString                     0x080006ff   Thumb Code    24  clcd_i2c.o(i.CLCD_I2C_WriteString)
    DHT_Check_Response                       0x08000781   Thumb Code    60  dht.o(i.DHT_Check_Response)
    DHT_GetData                              0x080007c1   Thumb Code    82  dht.o(i.DHT_GetData)
    DHT_Read                                 0x08000819   Thumb Code    88  dht.o(i.DHT_Read)
    DHT_Start                                0x08000875   Thumb Code    62  dht.o(i.DHT_Start)
    DMA1_Channel1_IRQHandler                 0x080008b9   Thumb Code     6  stm32f1xx_it.o(i.DMA1_Channel1_IRQHandler)
    DWT_Delay_Init                           0x080008f1   Thumb Code    58  dht.o(i.DWT_Delay_Init)
    DebugMon_Handler                         0x08000935   Thumb Code     2  stm32f1xx_it.o(i.DebugMon_Handler)
    Error_Handler                            0x08000937   Thumb Code     4  main.o(i.Error_Handler)
    FLASH_PageErase                          0x08000961   Thumb Code    28  stm32f1xx_hal_flash_ex.o(i.FLASH_PageErase)
    FLASH_WaitForLastOperation               0x080009fd   Thumb Code    80  stm32f1xx_hal_flash.o(i.FLASH_WaitForLastOperation)
    Flash_Erase                              0x08000a51   Thumb Code    40  main.o(i.Flash_Erase)
    HAL_ADC_ConfigChannel                    0x08000a79   Thumb Code   240  stm32f1xx_hal_adc.o(i.HAL_ADC_ConfigChannel)
    HAL_ADC_ConvCpltCallback                 0x08000b75   Thumb Code     2  stm32f1xx_hal_adc.o(i.HAL_ADC_ConvCpltCallback)
    HAL_ADC_ConvHalfCpltCallback             0x08000b77   Thumb Code     2  stm32f1xx_hal_adc.o(i.HAL_ADC_ConvHalfCpltCallback)
    HAL_ADC_ErrorCallback                    0x08000b79   Thumb Code     2  stm32f1xx_hal_adc.o(i.HAL_ADC_ErrorCallback)
    HAL_ADC_Init                             0x08000b7d   Thumb Code   272  stm32f1xx_hal_adc.o(i.HAL_ADC_Init)
    HAL_ADC_MspInit                          0x08000c99   Thumb Code   122  stm32f1xx_hal_msp.o(i.HAL_ADC_MspInit)
    HAL_ADC_Start_DMA                        0x08000d29   Thumb Code   246  stm32f1xx_hal_adc.o(i.HAL_ADC_Start_DMA)
    HAL_DMA_IRQHandler                       0x08000e35   Thumb Code   316  stm32f1xx_hal_dma.o(i.HAL_DMA_IRQHandler)
    HAL_DMA_Init                             0x08000f89   Thumb Code    84  stm32f1xx_hal_dma.o(i.HAL_DMA_Init)
    HAL_DMA_Start_IT                         0x08000fe5   Thumb Code   112  stm32f1xx_hal_dma.o(i.HAL_DMA_Start_IT)
    HAL_Delay                                0x08001055   Thumb Code    32  stm32f1xx_hal.o(i.HAL_Delay)
    HAL_FLASHEx_Erase                        0x08001079   Thumb Code   160  stm32f1xx_hal_flash_ex.o(i.HAL_FLASHEx_Erase)
    HAL_FLASH_Lock                           0x08001121   Thumb Code    14  stm32f1xx_hal_flash.o(i.HAL_FLASH_Lock)
    HAL_FLASH_Program                        0x08001135   Thumb Code   120  stm32f1xx_hal_flash.o(i.HAL_FLASH_Program)
    HAL_FLASH_Unlock                         0x080011b5   Thumb Code    28  stm32f1xx_hal_flash.o(i.HAL_FLASH_Unlock)
    HAL_GPIO_Init                            0x080011dd   Thumb Code   446  stm32f1xx_hal_gpio.o(i.HAL_GPIO_Init)
    HAL_GPIO_ReadPin                         0x080013bd   Thumb Code    10  stm32f1xx_hal_gpio.o(i.HAL_GPIO_ReadPin)
    HAL_GPIO_WritePin                        0x080013c7   Thumb Code    10  stm32f1xx_hal_gpio.o(i.HAL_GPIO_WritePin)
    HAL_GetTick                              0x080013d1   Thumb Code     6  stm32f1xx_hal.o(i.HAL_GetTick)
    HAL_I2C_Init                             0x080013dd   Thumb Code   376  stm32f1xx_hal_i2c.o(i.HAL_I2C_Init)
    HAL_I2C_Master_Transmit                  0x08001565   Thumb Code   290  stm32f1xx_hal_i2c.o(i.HAL_I2C_Master_Transmit)
    HAL_I2C_MspInit                          0x08001691   Thumb Code    80  stm32f1xx_hal_msp.o(i.HAL_I2C_MspInit)
    HAL_IncTick                              0x080016ed   Thumb Code    12  stm32f1xx_hal.o(i.HAL_IncTick)
    HAL_Init                                 0x080016fd   Thumb Code    32  stm32f1xx_hal.o(i.HAL_Init)
    HAL_InitTick                             0x08001721   Thumb Code    54  stm32f1xx_hal.o(i.HAL_InitTick)
    HAL_MspInit                              0x08001761   Thumb Code    52  stm32f1xx_hal_msp.o(i.HAL_MspInit)
    HAL_NVIC_EnableIRQ                       0x0800179d   Thumb Code    26  stm32f1xx_hal_cortex.o(i.HAL_NVIC_EnableIRQ)
    HAL_NVIC_SetPriority                     0x080017b9   Thumb Code    60  stm32f1xx_hal_cortex.o(i.HAL_NVIC_SetPriority)
    HAL_NVIC_SetPriorityGrouping             0x080017f9   Thumb Code    26  stm32f1xx_hal_cortex.o(i.HAL_NVIC_SetPriorityGrouping)
    HAL_RCCEx_PeriphCLKConfig                0x0800181d   Thumb Code   224  stm32f1xx_hal_rcc_ex.o(i.HAL_RCCEx_PeriphCLKConfig)
    HAL_RCC_ClockConfig                      0x08001909   Thumb Code   280  stm32f1xx_hal_rcc.o(i.HAL_RCC_ClockConfig)
    HAL_RCC_GetHCLKFreq                      0x08001a35   Thumb Code     6  stm32f1xx_hal_rcc.o(i.HAL_RCC_GetHCLKFreq)
    HAL_RCC_GetPCLK1Freq                     0x08001a41   Thumb Code    20  stm32f1xx_hal_rcc.o(i.HAL_RCC_GetPCLK1Freq)
    HAL_RCC_GetSysClockFreq                  0x08001a61   Thumb Code    58  stm32f1xx_hal_rcc.o(i.HAL_RCC_GetSysClockFreq)
    HAL_RCC_OscConfig                        0x08001aad   Thumb Code   778  stm32f1xx_hal_rcc.o(i.HAL_RCC_OscConfig)
    HAL_SYSTICK_Config                       0x08001dcd   Thumb Code    40  stm32f1xx_hal_cortex.o(i.HAL_SYSTICK_Config)
    HardFault_Handler                        0x08001df5   Thumb Code     2  stm32f1xx_it.o(i.HardFault_Handler)
    MemManage_Handler                        0x080021b5   Thumb Code     2  stm32f1xx_it.o(i.MemManage_Handler)
    NMI_Handler                              0x080021b7   Thumb Code     2  stm32f1xx_it.o(i.NMI_Handler)
    PendSV_Handler                           0x080021b9   Thumb Code     2  stm32f1xx_it.o(i.PendSV_Handler)
    SVC_Handler                              0x080021bb   Thumb Code     2  stm32f1xx_it.o(i.SVC_Handler)
    Set_Pin_Input                            0x080021bd   Thumb Code    20  dht.o(i.Set_Pin_Input)
    Set_Pin_Output                           0x080021d1   Thumb Code    24  dht.o(i.Set_Pin_Output)
    SysTick_Handler                          0x080021e9   Thumb Code     4  stm32f1xx_it.o(i.SysTick_Handler)
    SystemClock_Config                       0x080021ed   Thumb Code   120  main.o(i.SystemClock_Config)
    SystemInit                               0x08002265   Thumb Code     2  system_stm32f1xx.o(i.SystemInit)
    UsageFault_Handler                       0x08002267   Thumb Code     2  stm32f1xx_it.o(i.UsageFault_Handler)
    auto_mode                                0x08002289   Thumb Code    26  main.o(i.auto_mode)
    delay                                    0x080022ad   Thumb Code    34  dht.o(i.delay)
    main                                     0x080022d9   Thumb Code   264  main.o(i.main)
    page0                                    0x08002401   Thumb Code   282  main.o(i.page0)
    page1                                    0x08002555   Thumb Code   272  main.o(i.page1)
    page2                                    0x0800269d   Thumb Code   338  main.o(i.page2)
    pump                                     0x08002815   Thumb Code    98  main.o(i.pump)
    read_dht                                 0x08002889   Thumb Code   128  main.o(i.read_dht)
    __aeabi_d2f                              0x0800291d   Thumb Code     0  d2f.o(x$fpl$d2f)
    _d2f                                     0x0800291d   Thumb Code    98  d2f.o(x$fpl$d2f)
    __aeabi_ddiv                             0x08002981   Thumb Code     0  ddiv.o(x$fpl$ddiv)
    _ddiv                                    0x08002981   Thumb Code   552  ddiv.o(x$fpl$ddiv)
    __aeabi_d2uiz                            0x08002c31   Thumb Code     0  dfixu.o(x$fpl$dfixu)
    _dfixu                                   0x08002c31   Thumb Code    90  dfixu.o(x$fpl$dfixu)
    __aeabi_ui2d                             0x08002c8b   Thumb Code     0  dflt_clz.o(x$fpl$dfltu)
    _dfltu                                   0x08002c8b   Thumb Code    38  dflt_clz.o(x$fpl$dfltu)
    __aeabi_dmul                             0x08002cb1   Thumb Code     0  dmul.o(x$fpl$dmul)
    _dmul                                    0x08002cb1   Thumb Code   332  dmul.o(x$fpl$dmul)
    __fpl_dnaninf                            0x08002e05   Thumb Code   156  dnaninf.o(x$fpl$dnaninf)
    __fpl_dretinf                            0x08002ea1   Thumb Code    12  dretinf.o(x$fpl$dretinf)
    __aeabi_f2d                              0x08002ead   Thumb Code     0  f2d.o(x$fpl$f2d)
    _f2d                                     0x08002ead   Thumb Code    86  f2d.o(x$fpl$f2d)
    __aeabi_f2uiz                            0x08002f05   Thumb Code     0  ffixu.o(x$fpl$ffixu)
    _ffixu                                   0x08002f05   Thumb Code    62  ffixu.o(x$fpl$ffixu)
    __aeabi_ui2f                             0x08002f45   Thumb Code     0  fflt_clz.o(x$fpl$ffltu)
    _ffltu                                   0x08002f45   Thumb Code    38  fflt_clz.o(x$fpl$ffltu)
    __aeabi_fmul                             0x08002f6d   Thumb Code     0  fmul.o(x$fpl$fmul)
    _fmul                                    0x08002f6d   Thumb Code   258  fmul.o(x$fpl$fmul)
    __fpl_fnaninf                            0x0800306f   Thumb Code   140  fnaninf.o(x$fpl$fnaninf)
    __fpl_fretinf                            0x080030fb   Thumb Code    10  fretinf.o(x$fpl$fretinf)
    __I$use$fp                               0x08003104   Number         0  usenofp.o(x$fpl$usenofp)
    AHBPrescTable                            0x08003116   Data          16  system_stm32f1xx.o(.constdata)
    APBPrescTable                            0x08003126   Data           8  system_stm32f1xx.o(.constdata)
    Region$$Table$$Base                      0x08003130   Number         0  anon$$obj.o(Region$$Table)
    Region$$Table$$Limit                     0x08003150   Number         0  anon$$obj.o(Region$$Table)
    Presence                                 0x20000000   Data           1  dht.o(.data)
    Rh_byte1                                 0x20000001   Data           1  dht.o(.data)
    Rh_byte2                                 0x20000002   Data           1  dht.o(.data)
    Temp_byte1                               0x20000003   Data           1  dht.o(.data)
    Temp_byte2                               0x20000004   Data           1  dht.o(.data)
    SUM                                      0x20000006   Data           2  dht.o(.data)
    enable_select                            0x20000008   Data           1  main.o(.data)
    temp_dht                                 0x20000009   Data           1  main.o(.data)
    hum_dht                                  0x2000000a   Data           1  main.o(.data)
    set_hum                                  0x2000000b   Data           1  main.o(.data)
    hum_land                                 0x2000000c   Data           1  main.o(.data)
    readAdc                                  0x2000000e   Data           2  main.o(.data)
    sum_adc                                  0x20000010   Data           2  main.o(.data)
    time                                     0x20000014   Data           4  main.o(.data)
    vol                                      0x20000018   Data           4  main.o(.data)
    DHT11                                    0x2000001c   Data           8  main.o(.data)
    uwTickFreq                               0x20000024   Data           1  stm32f1xx_hal.o(.data)
    uwTickPrio                               0x20000028   Data           4  stm32f1xx_hal.o(.data)
    uwTick                                   0x2000002c   Data           4  stm32f1xx_hal.o(.data)
    SystemCoreClock                          0x20000030   Data           4  system_stm32f1xx.o(.data)
    status                                   0x20000034   Data           9  main.o(.bss)
    count                                    0x2000003d   Data          16  main.o(.bss)
    hadc1                                    0x20000050   Data          48  main.o(.bss)
    hi2c1                                    0x20000080   Data          84  main.o(.bss)
    LCD1                                     0x200000d4   Data          12  main.o(.bss)
    hdma_adc1                                0x200000e0   Data          68  main.o(.bss)
    pFlash                                   0x20000128   Data          32  stm32f1xx_hal_flash.o(.bss)
    __libspace_start                         0x20000148   Data          96  libspace.o(.bss)
    __temporary_stack_top$libspace           0x200001a8   Data           0  libspace.o(.bss)



==============================================================================

Memory Map of the image

  Image Entry point : 0x080000ed

  Load Region LR_IROM1 (Base: 0x08000000, Size: 0x00003184, Max: 0x00010000, ABSOLUTE)

    Execution Region ER_IROM1 (Exec base: 0x08000000, Load base: 0x08000000, Size: 0x00003150, Max: 0x00010000, ABSOLUTE)

    Exec Addr    Load Addr    Size         Type   Attr      Idx    E Section Name        Object

    0x08000000   0x08000000   0x000000ec   Data   RO            3    RESET               startup_stm32f103xb.o
    0x080000ec   0x080000ec   0x00000008   Code   RO         2344  * !!!main             c_w.l(__main.o)
    0x080000f4   0x080000f4   0x00000034   Code   RO         2551    !!!scatter          c_w.l(__scatter.o)
    0x08000128   0x08000128   0x0000001a   Code   RO         2553    !!handler_copy      c_w.l(__scatter_copy.o)
    0x08000142   0x08000142   0x00000002   PAD
    0x08000144   0x08000144   0x0000001c   Code   RO         2555    !!handler_zi        c_w.l(__scatter_zi.o)
    0x08000160   0x08000160   0x00000000   Code   RO         2339    .ARM.Collect$$_printf_percent$$00000000  c_w.l(_printf_percent.o)
    0x08000160   0x08000160   0x00000006   Code   RO         2338    .ARM.Collect$$_printf_percent$$00000009  c_w.l(_printf_d.o)
    0x08000166   0x08000166   0x00000004   Code   RO         2385    .ARM.Collect$$_printf_percent$$00000017  c_w.l(_printf_percent_end.o)
    0x0800016a   0x0800016a   0x00000002   Code   RO         2421    .ARM.Collect$$libinit$$00000000  c_w.l(libinit.o)
    0x0800016c   0x0800016c   0x00000000   Code   RO         2428    .ARM.Collect$$libinit$$00000002  c_w.l(libinit2.o)
    0x0800016c   0x0800016c   0x00000000   Code   RO         2430    .ARM.Collect$$libinit$$00000004  c_w.l(libinit2.o)
    0x0800016c   0x0800016c   0x00000000   Code   RO         2433    .ARM.Collect$$libinit$$0000000A  c_w.l(libinit2.o)
    0x0800016c   0x0800016c   0x00000000   Code   RO         2435    .ARM.Collect$$libinit$$0000000C  c_w.l(libinit2.o)
    0x0800016c   0x0800016c   0x00000000   Code   RO         2437    .ARM.Collect$$libinit$$0000000E  c_w.l(libinit2.o)
    0x0800016c   0x0800016c   0x00000000   Code   RO         2440    .ARM.Collect$$libinit$$00000011  c_w.l(libinit2.o)
    0x0800016c   0x0800016c   0x00000000   Code   RO         2442    .ARM.Collect$$libinit$$00000013  c_w.l(libinit2.o)
    0x0800016c   0x0800016c   0x00000000   Code   RO         2444    .ARM.Collect$$libinit$$00000015  c_w.l(libinit2.o)
    0x0800016c   0x0800016c   0x00000000   Code   RO         2446    .ARM.Collect$$libinit$$00000017  c_w.l(libinit2.o)
    0x0800016c   0x0800016c   0x00000000   Code   RO         2448    .ARM.Collect$$libinit$$00000019  c_w.l(libinit2.o)
    0x0800016c   0x0800016c   0x00000000   Code   RO         2450    .ARM.Collect$$libinit$$0000001B  c_w.l(libinit2.o)
    0x0800016c   0x0800016c   0x00000000   Code   RO         2452    .ARM.Collect$$libinit$$0000001D  c_w.l(libinit2.o)
    0x0800016c   0x0800016c   0x00000000   Code   RO         2454    .ARM.Collect$$libinit$$0000001F  c_w.l(libinit2.o)
    0x0800016c   0x0800016c   0x00000000   Code   RO         2456    .ARM.Collect$$libinit$$00000021  c_w.l(libinit2.o)
    0x0800016c   0x0800016c   0x00000000   Code   RO         2458    .ARM.Collect$$libinit$$00000023  c_w.l(libinit2.o)
    0x0800016c   0x0800016c   0x00000000   Code   RO         2460    .ARM.Collect$$libinit$$00000025  c_w.l(libinit2.o)
    0x0800016c   0x0800016c   0x00000000   Code   RO         2464    .ARM.Collect$$libinit$$0000002C  c_w.l(libinit2.o)
    0x0800016c   0x0800016c   0x00000000   Code   RO         2466    .ARM.Collect$$libinit$$0000002E  c_w.l(libinit2.o)
    0x0800016c   0x0800016c   0x00000000   Code   RO         2468    .ARM.Collect$$libinit$$00000030  c_w.l(libinit2.o)
    0x0800016c   0x0800016c   0x00000000   Code   RO         2470    .ARM.Collect$$libinit$$00000032  c_w.l(libinit2.o)
    0x0800016c   0x0800016c   0x00000002   Code   RO         2471    .ARM.Collect$$libinit$$00000033  c_w.l(libinit2.o)
    0x0800016e   0x0800016e   0x00000002   Code   RO         2491    .ARM.Collect$$libshutdown$$00000000  c_w.l(libshutdown.o)
    0x08000170   0x08000170   0x00000000   Code   RO         2504    .ARM.Collect$$libshutdown$$00000002  c_w.l(libshutdown2.o)
    0x08000170   0x08000170   0x00000000   Code   RO         2506    .ARM.Collect$$libshutdown$$00000004  c_w.l(libshutdown2.o)
    0x08000170   0x08000170   0x00000000   Code   RO         2509    .ARM.Collect$$libshutdown$$00000007  c_w.l(libshutdown2.o)
    0x08000170   0x08000170   0x00000000   Code   RO         2512    .ARM.Collect$$libshutdown$$0000000A  c_w.l(libshutdown2.o)
    0x08000170   0x08000170   0x00000000   Code   RO         2514    .ARM.Collect$$libshutdown$$0000000C  c_w.l(libshutdown2.o)
    0x08000170   0x08000170   0x00000000   Code   RO         2517    .ARM.Collect$$libshutdown$$0000000F  c_w.l(libshutdown2.o)
    0x08000170   0x08000170   0x00000002   Code   RO         2518    .ARM.Collect$$libshutdown$$00000010  c_w.l(libshutdown2.o)
    0x08000172   0x08000172   0x00000000   Code   RO         2378    .ARM.Collect$$rtentry$$00000000  c_w.l(__rtentry.o)
    0x08000172   0x08000172   0x00000000   Code   RO         2396    .ARM.Collect$$rtentry$$00000002  c_w.l(__rtentry2.o)
    0x08000172   0x08000172   0x00000006   Code   RO         2408    .ARM.Collect$$rtentry$$00000004  c_w.l(__rtentry4.o)
    0x08000178   0x08000178   0x00000000   Code   RO         2398    .ARM.Collect$$rtentry$$00000009  c_w.l(__rtentry2.o)
    0x08000178   0x08000178   0x00000004   Code   RO         2399    .ARM.Collect$$rtentry$$0000000A  c_w.l(__rtentry2.o)
    0x0800017c   0x0800017c   0x00000000   Code   RO         2401    .ARM.Collect$$rtentry$$0000000C  c_w.l(__rtentry2.o)
    0x0800017c   0x0800017c   0x00000008   Code   RO         2402    .ARM.Collect$$rtentry$$0000000D  c_w.l(__rtentry2.o)
    0x08000184   0x08000184   0x00000002   Code   RO         2425    .ARM.Collect$$rtexit$$00000000  c_w.l(rtexit.o)
    0x08000186   0x08000186   0x00000000   Code   RO         2473    .ARM.Collect$$rtexit$$00000002  c_w.l(rtexit2.o)
    0x08000186   0x08000186   0x00000004   Code   RO         2474    .ARM.Collect$$rtexit$$00000003  c_w.l(rtexit2.o)
    0x0800018a   0x0800018a   0x00000006   Code   RO         2475    .ARM.Collect$$rtexit$$00000004  c_w.l(rtexit2.o)
    0x08000190   0x08000190   0x00000040   Code   RO            4    .text               startup_stm32f103xb.o
    0x080001d0   0x080001d0   0x00000026   Code   RO         2308    .text               c_w.l(llushr.o)
    0x080001f6   0x080001f6   0x00000002   PAD
    0x080001f8   0x080001f8   0x00000028   Code   RO         2312    .text               c_w.l(noretval__2sprintf.o)
    0x08000220   0x08000220   0x00000068   Code   RO         2314    .text               c_w.l(__printf.o)
    0x08000288   0x08000288   0x00000078   Code   RO         2316    .text               c_w.l(_printf_dec.o)
    0x08000300   0x08000300   0x0000004e   Code   RO         2340    .text               c_w.l(rt_memclr_w.o)
    0x0800034e   0x0800034e   0x00000006   Code   RO         2342    .text               c_w.l(heapauxi.o)
    0x08000354   0x08000354   0x000000b2   Code   RO         2379    .text               c_w.l(_printf_intcommon.o)
    0x08000406   0x08000406   0x00000002   PAD
    0x08000408   0x08000408   0x00000030   Code   RO         2381    .text               c_w.l(_printf_char_common.o)
    0x08000438   0x08000438   0x0000000a   Code   RO         2383    .text               c_w.l(_sputc.o)
    0x08000442   0x08000442   0x0000004a   Code   RO         2412    .text               c_w.l(sys_stackheap_outer.o)
    0x0800048c   0x0800048c   0x00000012   Code   RO         2414    .text               c_w.l(exit.o)
    0x0800049e   0x0800049e   0x00000002   PAD
    0x080004a0   0x080004a0   0x00000008   Code   RO         2422    .text               c_w.l(libspace.o)
    0x080004a8   0x080004a8   0x0000000c   Code   RO         2483    .text               c_w.l(sys_exit.o)
    0x080004b4   0x080004b4   0x00000002   Code   RO         2494    .text               c_w.l(use_no_semi.o)
    0x080004b6   0x080004b6   0x00000000   Code   RO         2496    .text               c_w.l(indicate_semi.o)
    0x080004b6   0x080004b6   0x00000002   PAD
    0x080004b8   0x080004b8   0x00000056   Code   RO          545    i.ADC_ConversionStop_Disable  stm32f1xx_hal_adc.o
    0x0800050e   0x0800050e   0x0000004e   Code   RO          546    i.ADC_DMAConvCplt   stm32f1xx_hal_adc.o
    0x0800055c   0x0800055c   0x0000001a   Code   RO          547    i.ADC_DMAError      stm32f1xx_hal_adc.o
    0x08000576   0x08000576   0x0000000a   Code   RO          548    i.ADC_DMAHalfConvCplt  stm32f1xx_hal_adc.o
    0x08000580   0x08000580   0x0000007c   Code   RO          549    i.ADC_Enable        stm32f1xx_hal_adc.o
    0x080005fc   0x080005fc   0x00000002   Code   RO          295    i.BusFault_Handler  stm32f1xx_it.o
    0x080005fe   0x080005fe   0x00000014   Code   RO          428    i.CLCD_I2C_Clear    clcd_i2c.o
    0x08000612   0x08000612   0x000000a2   Code   RO          431    i.CLCD_I2C_Init     clcd_i2c.o
    0x080006b4   0x080006b4   0x00000044   Code   RO          433    i.CLCD_I2C_SetCursor  clcd_i2c.o
    0x080006f8   0x080006f8   0x00000006   Code   RO          434    i.CLCD_I2C_WriteChar  clcd_i2c.o
    0x080006fe   0x080006fe   0x00000018   Code   RO          435    i.CLCD_I2C_WriteString  clcd_i2c.o
    0x08000716   0x08000716   0x0000006a   Code   RO          436    i.CLCD_WriteI2C     clcd_i2c.o
    0x08000780   0x08000780   0x00000040   Code   RO           13    i.DHT_Check_Response  dht.o
    0x080007c0   0x080007c0   0x00000058   Code   RO           14    i.DHT_GetData       dht.o
    0x08000818   0x08000818   0x0000005c   Code   RO           15    i.DHT_Read          dht.o
    0x08000874   0x08000874   0x00000044   Code   RO           16    i.DHT_Start         dht.o
    0x080008b8   0x080008b8   0x0000000c   Code   RO          296    i.DMA1_Channel1_IRQHandler  stm32f1xx_it.o
    0x080008c4   0x080008c4   0x0000002a   Code   RO         1201    i.DMA_SetConfig     stm32f1xx_hal_dma.o
    0x080008ee   0x080008ee   0x00000002   PAD
    0x080008f0   0x080008f0   0x00000044   Code   RO           17    i.DWT_Delay_Init    dht.o
    0x08000934   0x08000934   0x00000002   Code   RO          297    i.DebugMon_Handler  stm32f1xx_it.o
    0x08000936   0x08000936   0x00000004   Code   RO          168    i.Error_Handler     main.o
    0x0800093a   0x0800093a   0x00000002   PAD
    0x0800093c   0x0800093c   0x00000024   Code   RO         1641    i.FLASH_MassErase   stm32f1xx_hal_flash_ex.o
    0x08000960   0x08000960   0x00000024   Code   RO         1646    i.FLASH_PageErase   stm32f1xx_hal_flash_ex.o
    0x08000984   0x08000984   0x0000001c   Code   RO         1538    i.FLASH_Program_HalfWord  stm32f1xx_hal_flash.o
    0x080009a0   0x080009a0   0x0000005c   Code   RO         1539    i.FLASH_SetErrorCode  stm32f1xx_hal_flash.o
    0x080009fc   0x080009fc   0x00000054   Code   RO         1540    i.FLASH_WaitForLastOperation  stm32f1xx_hal_flash.o
    0x08000a50   0x08000a50   0x00000028   Code   RO          169    i.Flash_Erase       main.o
    0x08000a78   0x08000a78   0x000000fc   Code   RO          551    i.HAL_ADC_ConfigChannel  stm32f1xx_hal_adc.o
    0x08000b74   0x08000b74   0x00000002   Code   RO          552    i.HAL_ADC_ConvCpltCallback  stm32f1xx_hal_adc.o
    0x08000b76   0x08000b76   0x00000002   Code   RO          553    i.HAL_ADC_ConvHalfCpltCallback  stm32f1xx_hal_adc.o
    0x08000b78   0x08000b78   0x00000002   Code   RO          555    i.HAL_ADC_ErrorCallback  stm32f1xx_hal_adc.o
    0x08000b7a   0x08000b7a   0x00000002   PAD
    0x08000b7c   0x08000b7c   0x0000011c   Code   RO          560    i.HAL_ADC_Init      stm32f1xx_hal_adc.o
    0x08000c98   0x08000c98   0x00000090   Code   RO          378    i.HAL_ADC_MspInit   stm32f1xx_hal_msp.o
    0x08000d28   0x08000d28   0x0000010c   Code   RO          567    i.HAL_ADC_Start_DMA  stm32f1xx_hal_adc.o
    0x08000e34   0x08000e34   0x00000154   Code   RO         1207    i.HAL_DMA_IRQHandler  stm32f1xx_hal_dma.o
    0x08000f88   0x08000f88   0x0000005c   Code   RO         1208    i.HAL_DMA_Init      stm32f1xx_hal_dma.o
    0x08000fe4   0x08000fe4   0x00000070   Code   RO         1212    i.HAL_DMA_Start_IT  stm32f1xx_hal_dma.o
    0x08001054   0x08001054   0x00000024   Code   RO          828    i.HAL_Delay         stm32f1xx_hal.o
    0x08001078   0x08001078   0x000000a8   Code   RO         1647    i.HAL_FLASHEx_Erase  stm32f1xx_hal_flash_ex.o
    0x08001120   0x08001120   0x00000014   Code   RO         1544    i.HAL_FLASH_Lock    stm32f1xx_hal_flash.o
    0x08001134   0x08001134   0x00000080   Code   RO         1549    i.HAL_FLASH_Program  stm32f1xx_hal_flash.o
    0x080011b4   0x080011b4   0x00000028   Code   RO         1551    i.HAL_FLASH_Unlock  stm32f1xx_hal_flash.o
    0x080011dc   0x080011dc   0x000001e0   Code   RO         1138    i.HAL_GPIO_Init     stm32f1xx_hal_gpio.o
    0x080013bc   0x080013bc   0x0000000a   Code   RO         1140    i.HAL_GPIO_ReadPin  stm32f1xx_hal_gpio.o
    0x080013c6   0x080013c6   0x0000000a   Code   RO         1142    i.HAL_GPIO_WritePin  stm32f1xx_hal_gpio.o
    0x080013d0   0x080013d0   0x0000000c   Code   RO          832    i.HAL_GetTick       stm32f1xx_hal.o
    0x080013dc   0x080013dc   0x00000188   Code   RO         1809    i.HAL_I2C_Init      stm32f1xx_hal_i2c.o
    0x08001564   0x08001564   0x0000012c   Code   RO         1822    i.HAL_I2C_Master_Transmit  stm32f1xx_hal_i2c.o
    0x08001690   0x08001690   0x0000005c   Code   RO          380    i.HAL_I2C_MspInit   stm32f1xx_hal_msp.o
    0x080016ec   0x080016ec   0x00000010   Code   RO          838    i.HAL_IncTick       stm32f1xx_hal.o
    0x080016fc   0x080016fc   0x00000024   Code   RO          839    i.HAL_Init          stm32f1xx_hal.o
    0x08001720   0x08001720   0x00000040   Code   RO          840    i.HAL_InitTick      stm32f1xx_hal.o
    0x08001760   0x08001760   0x0000003c   Code   RO          381    i.HAL_MspInit       stm32f1xx_hal_msp.o
    0x0800179c   0x0800179c   0x0000001a   Code   RO         1298    i.HAL_NVIC_EnableIRQ  stm32f1xx_hal_cortex.o
    0x080017b6   0x080017b6   0x00000002   PAD
    0x080017b8   0x080017b8   0x00000040   Code   RO         1304    i.HAL_NVIC_SetPriority  stm32f1xx_hal_cortex.o
    0x080017f8   0x080017f8   0x00000024   Code   RO         1305    i.HAL_NVIC_SetPriorityGrouping  stm32f1xx_hal_cortex.o
    0x0800181c   0x0800181c   0x000000ec   Code   RO         1100    i.HAL_RCCEx_PeriphCLKConfig  stm32f1xx_hal_rcc_ex.o
    0x08001908   0x08001908   0x0000012c   Code   RO          996    i.HAL_RCC_ClockConfig  stm32f1xx_hal_rcc.o
    0x08001a34   0x08001a34   0x0000000c   Code   RO         1001    i.HAL_RCC_GetHCLKFreq  stm32f1xx_hal_rcc.o
    0x08001a40   0x08001a40   0x00000020   Code   RO         1003    i.HAL_RCC_GetPCLK1Freq  stm32f1xx_hal_rcc.o
    0x08001a60   0x08001a60   0x0000004c   Code   RO         1005    i.HAL_RCC_GetSysClockFreq  stm32f1xx_hal_rcc.o
    0x08001aac   0x08001aac   0x00000320   Code   RO         1008    i.HAL_RCC_OscConfig  stm32f1xx_hal_rcc.o
    0x08001dcc   0x08001dcc   0x00000028   Code   RO         1309    i.HAL_SYSTICK_Config  stm32f1xx_hal_cortex.o
    0x08001df4   0x08001df4   0x00000002   Code   RO          298    i.HardFault_Handler  stm32f1xx_it.o
    0x08001df6   0x08001df6   0x0000002e   Code   RO         1852    i.I2C_IsAcknowledgeFailed  stm32f1xx_hal_i2c.o
    0x08001e24   0x08001e24   0x0000009c   Code   RO         1856    i.I2C_MasterRequestWrite  stm32f1xx_hal_i2c.o
    0x08001ec0   0x08001ec0   0x00000056   Code   RO         1867    i.I2C_WaitOnBTFFlagUntilTimeout  stm32f1xx_hal_i2c.o
    0x08001f16   0x08001f16   0x00000002   PAD
    0x08001f18   0x08001f18   0x00000090   Code   RO         1868    i.I2C_WaitOnFlagUntilTimeout  stm32f1xx_hal_i2c.o
    0x08001fa8   0x08001fa8   0x000000bc   Code   RO         1869    i.I2C_WaitOnMasterAddressFlagUntilTimeout  stm32f1xx_hal_i2c.o
    0x08002064   0x08002064   0x00000056   Code   RO         1871    i.I2C_WaitOnTXEFlagUntilTimeout  stm32f1xx_hal_i2c.o
    0x080020ba   0x080020ba   0x00000002   PAD
    0x080020bc   0x080020bc   0x00000050   Code   RO          172    i.MX_ADC1_Init      main.o
    0x0800210c   0x0800210c   0x000000a8   Code   RO          173    i.MX_GPIO_Init      main.o
    0x080021b4   0x080021b4   0x00000002   Code   RO          299    i.MemManage_Handler  stm32f1xx_it.o
    0x080021b6   0x080021b6   0x00000002   Code   RO          300    i.NMI_Handler       stm32f1xx_it.o
    0x080021b8   0x080021b8   0x00000002   Code   RO          301    i.PendSV_Handler    stm32f1xx_it.o
    0x080021ba   0x080021ba   0x00000002   Code   RO          302    i.SVC_Handler       stm32f1xx_it.o
    0x080021bc   0x080021bc   0x00000014   Code   RO           18    i.Set_Pin_Input     dht.o
    0x080021d0   0x080021d0   0x00000018   Code   RO           19    i.Set_Pin_Output    dht.o
    0x080021e8   0x080021e8   0x00000004   Code   RO          303    i.SysTick_Handler   stm32f1xx_it.o
    0x080021ec   0x080021ec   0x00000078   Code   RO          174    i.SystemClock_Config  main.o
    0x08002264   0x08002264   0x00000002   Code   RO         2272    i.SystemInit        system_stm32f1xx.o
    0x08002266   0x08002266   0x00000002   Code   RO          304    i.UsageFault_Handler  stm32f1xx_it.o
    0x08002268   0x08002268   0x00000020   Code   RO         1311    i.__NVIC_SetPriority  stm32f1xx_hal_cortex.o
    0x08002288   0x08002288   0x00000024   Code   RO          175    i.auto_mode         main.o
    0x080022ac   0x080022ac   0x0000002c   Code   RO           20    i.delay             dht.o
    0x080022d8   0x080022d8   0x00000128   Code   RO          177    i.main              main.o
    0x08002400   0x08002400   0x00000154   Code   RO          178    i.page0             main.o
    0x08002554   0x08002554   0x00000148   Code   RO          179    i.page1             main.o
    0x0800269c   0x0800269c   0x00000178   Code   RO          180    i.page2             main.o
    0x08002814   0x08002814   0x00000074   Code   RO          181    i.pump              main.o
    0x08002888   0x08002888   0x00000094   Code   RO          182    i.read_dht          main.o
    0x0800291c   0x0800291c   0x00000062   Code   RO         2346    x$fpl$d2f           fz_ws.l(d2f.o)
    0x0800297e   0x0800297e   0x00000002   PAD
    0x08002980   0x08002980   0x000002b0   Code   RO         2349    x$fpl$ddiv          fz_ws.l(ddiv.o)
    0x08002c30   0x08002c30   0x0000005a   Code   RO         2352    x$fpl$dfixu         fz_ws.l(dfixu.o)
    0x08002c8a   0x08002c8a   0x00000026   Code   RO         2356    x$fpl$dfltu         fz_ws.l(dflt_clz.o)
    0x08002cb0   0x08002cb0   0x00000154   Code   RO         2362    x$fpl$dmul          fz_ws.l(dmul.o)
    0x08002e04   0x08002e04   0x0000009c   Code   RO         2386    x$fpl$dnaninf       fz_ws.l(dnaninf.o)
    0x08002ea0   0x08002ea0   0x0000000c   Code   RO         2388    x$fpl$dretinf       fz_ws.l(dretinf.o)
    0x08002eac   0x08002eac   0x00000056   Code   RO         2364    x$fpl$f2d           fz_ws.l(f2d.o)
    0x08002f02   0x08002f02   0x00000002   PAD
    0x08002f04   0x08002f04   0x0000003e   Code   RO         2366    x$fpl$ffixu         fz_ws.l(ffixu.o)
    0x08002f42   0x08002f42   0x00000002   PAD
    0x08002f44   0x08002f44   0x00000026   Code   RO         2370    x$fpl$ffltu         fz_ws.l(fflt_clz.o)
    0x08002f6a   0x08002f6a   0x00000002   PAD
    0x08002f6c   0x08002f6c   0x00000102   Code   RO         2376    x$fpl$fmul          fz_ws.l(fmul.o)
    0x0800306e   0x0800306e   0x0000008c   Code   RO         2390    x$fpl$fnaninf       fz_ws.l(fnaninf.o)
    0x080030fa   0x080030fa   0x0000000a   Code   RO         2392    x$fpl$fretinf       fz_ws.l(fretinf.o)
    0x08003104   0x08003104   0x00000000   Code   RO         2394    x$fpl$usenofp       fz_ws.l(usenofp.o)
    0x08003104   0x08003104   0x00000012   Data   RO         1009    .constdata          stm32f1xx_hal_rcc.o
    0x08003116   0x08003116   0x00000010   Data   RO         2273    .constdata          system_stm32f1xx.o
    0x08003126   0x08003126   0x00000008   Data   RO         2274    .constdata          system_stm32f1xx.o
    0x0800312e   0x0800312e   0x00000002   PAD
    0x08003130   0x08003130   0x00000020   Data   RO         2549    Region$$Table       anon$$obj.o


    Execution Region RW_IRAM1 (Exec base: 0x20000000, Load base: 0x08003150, Size: 0x000007a8, Max: 0x00005000, ABSOLUTE)

    Exec Addr    Load Addr    Size         Type   Attr      Idx    E Section Name        Object

    0x20000000   0x08003150   0x00000008   Data   RW           21    .data               dht.o
    0x20000008   0x08003158   0x0000001c   Data   RW          187    .data               main.o
    0x20000024   0x08003174   0x0000000c   Data   RW          846    .data               stm32f1xx_hal.o
    0x20000030   0x08003180   0x00000004   Data   RW         2275    .data               system_stm32f1xx.o
    0x20000034        -       0x000000ac   Zero   RW          184    .bss                main.o
    0x200000e0        -       0x00000044   Zero   RW          185    .bss                main.o
    0x20000124   0x08003184   0x00000004   PAD
    0x20000128        -       0x00000020   Zero   RW         1552    .bss                stm32f1xx_hal_flash.o
    0x20000148        -       0x00000060   Zero   RW         2423    .bss                c_w.l(libspace.o)
    0x200001a8        -       0x00000200   Zero   RW            2    HEAP                startup_stm32f103xb.o
    0x200003a8        -       0x00000400   Zero   RW            1    STACK               startup_stm32f103xb.o


==============================================================================

Image component sizes


      Code (inc. data)   RO Data    RW Data    ZI Data      Debug   Object Name

       386          0          0          0          0       4602   clcd_i2c.o
       468         40          0          8          0     421043   dht.o
      2052        256          0         28        240      11730   main.o
        64         26        236          0       1536        864   startup_stm32f103xb.o
       164         28          0         12          0       6317   stm32f1xx_hal.o
      1134         56          0          0          0       9146   stm32f1xx_hal_adc.o
       198         14          0          0          0      29247   stm32f1xx_hal_cortex.o
       586         32          0          0          0       3855   stm32f1xx_hal_dma.o
       392         46          0          0         32       5142   stm32f1xx_hal_flash.o
       240         26          0          0          0       3453   stm32f1xx_hal_flash_ex.o
       500         34          0          0          0       3727   stm32f1xx_hal_gpio.o
      1398         32          0          0          0       9577   stm32f1xx_hal_i2c.o
       296         42          0          0          0       2534   stm32f1xx_hal_msp.o
      1220         78         18          0          0       5309   stm32f1xx_hal_rcc.o
       236         12          0          0          0       1484   stm32f1xx_hal_rcc_ex.o
        32          6          0          0          0       4833   stm32f1xx_it.o
         2          0         24          4          0       1275   system_stm32f1xx.o

    ----------------------------------------------------------------------
      9380        728        312         52       1812     524138   Object Totals
         0          0         32          0          0          0   (incl. Generated)
        12          0          2          0          4          0   (incl. Padding)

    ----------------------------------------------------------------------

      Code (inc. data)   RO Data    RW Data    ZI Data      Debug   Library Member Name

         8          0          0          0          0         68   __main.o
       104          0          0          0          0         84   __printf.o
         0          0          0          0          0          0   __rtentry.o
        12          0          0          0          0          0   __rtentry2.o
         6          0          0          0          0          0   __rtentry4.o
        52          8          0          0          0          0   __scatter.o
        26          0          0          0          0          0   __scatter_copy.o
        28          0          0          0          0          0   __scatter_zi.o
        48          6          0          0          0         96   _printf_char_common.o
         6          0          0          0          0          0   _printf_d.o
       120         16          0          0          0         92   _printf_dec.o
       178          0          0          0          0         88   _printf_intcommon.o
         0          0          0          0          0          0   _printf_percent.o
         4          0          0          0          0          0   _printf_percent_end.o
        10          0          0          0          0         68   _sputc.o
        18          0          0          0          0         80   exit.o
         6          0          0          0          0        152   heapauxi.o
         0          0          0          0          0          0   indicate_semi.o
         2          0          0          0          0          0   libinit.o
         2          0          0          0          0          0   libinit2.o
         2          0          0          0          0          0   libshutdown.o
         2          0          0          0          0          0   libshutdown2.o
         8          4          0          0         96         68   libspace.o
        38          0          0          0          0         68   llushr.o
        40          6          0          0          0         84   noretval__2sprintf.o
        78          0          0          0          0         80   rt_memclr_w.o
         2          0          0          0          0          0   rtexit.o
        10          0          0          0          0          0   rtexit2.o
        12          4          0          0          0         68   sys_exit.o
        74          0          0          0          0         80   sys_stackheap_outer.o
         2          0          0          0          0         68   use_no_semi.o
        98          4          0          0          0         92   d2f.o
       688        140          0          0          0        208   ddiv.o
        90          4          0          0          0         92   dfixu.o
        38          0          0          0          0         68   dflt_clz.o
       340         12          0          0          0        104   dmul.o
       156          4          0          0          0         92   dnaninf.o
        12          0          0          0          0         68   dretinf.o
        86          4          0          0          0         84   f2d.o
        62          4          0          0          0         84   ffixu.o
        38          0          0          0          0         68   fflt_clz.o
       258          4          0          0          0         84   fmul.o
       140          4          0          0          0         84   fnaninf.o
        10          0          0          0          0         68   fretinf.o
         0          0          0          0          0          0   usenofp.o

    ----------------------------------------------------------------------
      2932        224          0          0         96       2440   Library Totals
        18          0          0          0          0          0   (incl. Padding)

    ----------------------------------------------------------------------

      Code (inc. data)   RO Data    RW Data    ZI Data      Debug   Library Name

       898         44          0          0         96       1244   c_w.l
      2016        180          0          0          0       1196   fz_ws.l

    ----------------------------------------------------------------------
      2932        224          0          0         96       2440   Library Totals

    ----------------------------------------------------------------------

==============================================================================


      Code (inc. data)   RO Data    RW Data    ZI Data      Debug   

     12312        952        312         52       1908     520906   Grand Totals
     12312        952        312         52       1908     520906   ELF Image Totals
     12312        952        312         52          0          0   ROM Totals

==============================================================================

    Total RO  Size (Code + RO Data)                12624 (  12.33kB)
    Total RW  Size (RW Data + ZI Data)              1960 (   1.91kB)
    Total ROM Size (Code + RO Data + RW Data)      12676 (  12.38kB)

==============================================================================

